Archive member included because of file (symbol)

c:/program files (x86)/gnu tools arm embedded/4.9 2015q1/bin/../lib/gcc/arm-none-eabi/4.9.3/armv7-m\libgcc.a(_arm_addsubdf3.o)
                              ./src/stm3210e_eval_lcd.o (__aeabi_ui2d)
c:/program files (x86)/gnu tools arm embedded/4.9 2015q1/bin/../lib/gcc/arm-none-eabi/4.9.3/armv7-m\libgcc.a(_arm_cmpdf2.o)
                              ./src/stm3210e_eval_lcd.o (__aeabi_dcmplt)
c:/program files (x86)/gnu tools arm embedded/4.9 2015q1/bin/../lib/gcc/arm-none-eabi/4.9.3/../../../../arm-none-eabi/lib/armv7-m\libg_nano.a(lib_a-div.o)
                              ./src/dosfs.o (div)
c:/program files (x86)/gnu tools arm embedded/4.9 2015q1/bin/../lib/gcc/arm-none-eabi/4.9.3/../../../../arm-none-eabi/lib/armv7-m\libg_nano.a(lib_a-errno.o)
                              ./system/src/newlib/_sbrk.o (__errno)
c:/program files (x86)/gnu tools arm embedded/4.9 2015q1/bin/../lib/gcc/arm-none-eabi/4.9.3/../../../../arm-none-eabi/lib/armv7-m\libg_nano.a(lib_a-impure.o)
                              c:/program files (x86)/gnu tools arm embedded/4.9 2015q1/bin/../lib/gcc/arm-none-eabi/4.9.3/../../../../arm-none-eabi/lib/armv7-m\libg_nano.a(lib_a-errno.o) (_impure_ptr)
c:/program files (x86)/gnu tools arm embedded/4.9 2015q1/bin/../lib/gcc/arm-none-eabi/4.9.3/../../../../arm-none-eabi/lib/armv7-m\libg_nano.a(lib_a-ldiv.o)
                              ./src/dosfs.o (ldiv)
c:/program files (x86)/gnu tools arm embedded/4.9 2015q1/bin/../lib/gcc/arm-none-eabi/4.9.3/../../../../arm-none-eabi/lib/armv7-m\libg_nano.a(lib_a-memcmp.o)
                              ./src/dosfs.o (memcmp)
c:/program files (x86)/gnu tools arm embedded/4.9 2015q1/bin/../lib/gcc/arm-none-eabi/4.9.3/../../../../arm-none-eabi/lib/armv7-m\libg_nano.a(lib_a-memcpy.o)
                              ./src/dosfs.o (memcpy)
c:/program files (x86)/gnu tools arm embedded/4.9 2015q1/bin/../lib/gcc/arm-none-eabi/4.9.3/../../../../arm-none-eabi/lib/armv7-m\libg_nano.a(lib_a-memset.o)
                              ./src/dosfs.o (memset)
c:/program files (x86)/gnu tools arm embedded/4.9 2015q1/bin/../lib/gcc/arm-none-eabi/4.9.3/../../../../arm-none-eabi/lib/armv7-m\libg_nano.a(lib_a-printf.o)
                              ./src/dosfs.o (printf)
c:/program files (x86)/gnu tools arm embedded/4.9 2015q1/bin/../lib/gcc/arm-none-eabi/4.9.3/../../../../arm-none-eabi/lib/armv7-m\libg_nano.a(lib_a-sprintf.o)
                              ./src/menu.o (sprintf)
c:/program files (x86)/gnu tools arm embedded/4.9 2015q1/bin/../lib/gcc/arm-none-eabi/4.9.3/../../../../arm-none-eabi/lib/armv7-m\libg_nano.a(lib_a-strcmp.o)
                              ./src/dosfs.o (strcmp)
c:/program files (x86)/gnu tools arm embedded/4.9 2015q1/bin/../lib/gcc/arm-none-eabi/4.9.3/../../../../arm-none-eabi/lib/armv7-m\libg_nano.a(lib_a-strcpy.o)
                              ./src/dosfs.o (strcpy)
c:/program files (x86)/gnu tools arm embedded/4.9 2015q1/bin/../lib/gcc/arm-none-eabi/4.9.3/../../../../arm-none-eabi/lib/armv7-m\libg_nano.a(lib_a-strlen.o)
                              ./system/src/diag/Trace.o (strlen)
c:/program files (x86)/gnu tools arm embedded/4.9 2015q1/bin/../lib/gcc/arm-none-eabi/4.9.3/../../../../arm-none-eabi/lib/armv7-m\libg_nano.a(lib_a-strncpy.o)
                              ./src/dosfs.o (strncpy)
c:/program files (x86)/gnu tools arm embedded/4.9 2015q1/bin/../lib/gcc/arm-none-eabi/4.9.3/../../../../arm-none-eabi/lib/armv7-m\libg_nano.a(lib_a-vsnprintf.o)
                              ./system/src/diag/Trace.o (vsnprintf)
c:/program files (x86)/gnu tools arm embedded/4.9 2015q1/bin/../lib/gcc/arm-none-eabi/4.9.3/../../../../arm-none-eabi/lib/armv7-m\libg_nano.a(lib_a-findfp.o)
                              c:/program files (x86)/gnu tools arm embedded/4.9 2015q1/bin/../lib/gcc/arm-none-eabi/4.9.3/../../../../arm-none-eabi/lib/armv7-m\libg_nano.a(lib_a-printf.o) (__sinit)
c:/program files (x86)/gnu tools arm embedded/4.9 2015q1/bin/../lib/gcc/arm-none-eabi/4.9.3/../../../../arm-none-eabi/lib/armv7-m\libg_nano.a(lib_a-fwalk.o)
                              c:/program files (x86)/gnu tools arm embedded/4.9 2015q1/bin/../lib/gcc/arm-none-eabi/4.9.3/../../../../arm-none-eabi/lib/armv7-m\libg_nano.a(lib_a-findfp.o) (_fwalk)
c:/program files (x86)/gnu tools arm embedded/4.9 2015q1/bin/../lib/gcc/arm-none-eabi/4.9.3/../../../../arm-none-eabi/lib/armv7-m\libg_nano.a(lib_a-nano-mallocr.o)
                              c:/program files (x86)/gnu tools arm embedded/4.9 2015q1/bin/../lib/gcc/arm-none-eabi/4.9.3/../../../../arm-none-eabi/lib/armv7-m\libg_nano.a(lib_a-findfp.o) (_malloc_r)
c:/program files (x86)/gnu tools arm embedded/4.9 2015q1/bin/../lib/gcc/arm-none-eabi/4.9.3/../../../../arm-none-eabi/lib/armv7-m\libg_nano.a(lib_a-nano-svfprintf.o)
[...]
Memory Configuration

Name             Origin             Length             Attributes
RAM              0x20000000         0x0000c000         xrw
CCMRAM           0x00000000         0x00000000         xrw
FLASH            0x08000000         0x00040000         xr
FLASHB1          0x00000000         0x00000000         xr
EXTMEMB0         0x00000000         0x00000000         xr
EXTMEMB1         0x00000000         0x00000000         xr
EXTMEMB2         0x00000000         0x00000000         xr
EXTMEMB3         0x00000000         0x00000000         xr
MEMORY_ARRAY     0x00000000         0x00000000         xrw
*default*        0x00000000         0xffffffff

Linker script and memory map

LOAD ./system/src/stm32f1-stdperiph/misc.o
LOAD ./system/src/stm32f1-stdperiph/stm32f10x_adc.o
LOAD ./system/src/stm32f1-stdperiph/stm32f10x_bkp.o
LOAD ./system/src/stm32f1-stdperiph/stm32f10x_can.o
LOAD ./system/src/stm32f1-stdperiph/stm32f10x_cec.o
LOAD ./system/src/stm32f1-stdperiph/stm32f10x_crc.o
LOAD ./system/src/stm32f1-stdperiph/stm32f10x_dac.o
LOAD ./system/src/stm32f1-stdperiph/stm32f10x_dbgmcu.o
LOAD ./system/src/stm32f1-stdperiph/stm32f10x_dma.o
LOAD ./system/src/stm32f1-stdperiph/stm32f10x_exti.o
LOAD ./system/src/stm32f1-stdperiph/stm32f10x_flash.o
LOAD ./system/src/stm32f1-stdperiph/stm32f10x_fsmc.o
LOAD ./system/src/stm32f1-stdperiph/stm32f10x_gpio.o
LOAD ./system/src/stm32f1-stdperiph/stm32f10x_i2c.o
LOAD ./system/src/stm32f1-stdperiph/stm32f10x_iwdg.o
LOAD ./system/src/stm32f1-stdperiph/stm32f10x_pwr.o
LOAD ./system/src/stm32f1-stdperiph/stm32f10x_rcc.o
LOAD ./system/src/stm32f1-stdperiph/stm32f10x_rtc.o
LOAD ./system/src/stm32f1-stdperiph/stm32f10x_sdio.o
LOAD ./system/src/stm32f1-stdperiph/stm32f10x_spi.o
LOAD ./system/src/stm32f1-stdperiph/stm32f10x_tim.o
LOAD ./system/src/stm32f1-stdperiph/stm32f10x_usart.o
LOAD ./system/src/stm32f1-stdperiph/stm32f10x_wwdg.o
LOAD ./system/src/newlib/_cxx.o
LOAD ./system/src/newlib/_exit.o
LOAD ./system/src/newlib/_sbrk.o
LOAD ./system/src/newlib/_startup.o
LOAD ./system/src/newlib/_syscalls.o
LOAD ./system/src/newlib/assert.o
LOAD ./system/src/diag/Trace.o
LOAD ./system/src/diag/trace_impl.o
LOAD ./system/src/cortexm/_initialize_hardware.o
LOAD ./system/src/cortexm/_reset_hardware.o
LOAD ./system/src/cortexm/exception_handlers.o
LOAD ./system/src/cmsis/system_stm32f10x.o
LOAD ./system/src/cmsis/vectors_stm32f10x.o
LOAD ./src/SPI_Flash.o
LOAD ./src/_write.o
LOAD ./src/dosfs.o
LOAD ./src/fonts.o
LOAD ./src/main.o
LOAD ./src/menu.o
LOAD ./src/myMaths.o
LOAD ./src/newlibStubs.o
LOAD ./src/optimalPWM.o
LOAD ./src/sound.o
LOAD ./src/stm3210e_eval.o
LOAD ./src/stm3210e_eval_fsmc_nand.o
LOAD ./src/stm3210e_eval_fsmc_nor.o
LOAD ./src/stm3210e_eval_fsmc_sram.o
LOAD ./src/stm3210e_eval_lcd.o
LOAD ./src/stm32_eval_sdio_sd.o
LOAD ./src/stm32_eval_spi_flash.o
LOAD ./src/stm32f10x_it.o
LOAD ./src/storage.o
LOAD ./src/voltageControl.o
LOAD c:/program files (x86)/gnu tools arm embedded/4.9 2015q1/bin/../lib/gcc/arm-none-eabi/4.9.3/../../../../arm-none-eabi/lib/armv7-m\libstdc++_nano.a
LOAD c:/program files (x86)/gnu tools arm embedded/4.9 2015q1/bin/../lib/gcc/arm-none-eabi/4.9.3/../../../../arm-none-eabi/lib/armv7-m\libm.a
START GROUP
LOAD c:/program files (x86)/gnu tools arm embedded/4.9 2015q1/bin/../lib/gcc/arm-none-eabi/4.9.3/armv7-m\libgcc.a
LOAD c:/program files (x86)/gnu tools arm embedded/4.9 2015q1/bin/../lib/gcc/arm-none-eabi/4.9.3/../../../../arm-none-eabi/lib/armv7-m\libg_nano.a
LOAD c:/program files (x86)/gnu tools arm embedded/4.9 2015q1/bin/../lib/gcc/arm-none-eabi/4.9.3/../../../../arm-none-eabi/lib/armv7-m\libc_nano.a
END GROUP
START GROUP
LOAD c:/program files (x86)/gnu tools arm embedded/4.9 2015q1/bin/../lib/gcc/arm-none-eabi/4.9.3/armv7-m\libgcc.a
LOAD c:/program files (x86)/gnu tools arm embedded/4.9 2015q1/bin/../lib/gcc/arm-none-eabi/4.9.3/../../../../arm-none-eabi/lib/armv7-m\libc_nano.a
END GROUP
                0x2000c000                __stack = (ORIGIN (RAM) + 0xc000)
                0x2000c000                _estack = __stack
                0x00000400                __Main_Stack_Size = 0x400
                0x00000400                PROVIDE (_Main_Stack_Size, __Main_Stack_Size)
                0x2000bc00                __Main_Stack_Limit = (__stack - __Main_Stack_Size)
                0x2000bc00                PROVIDE (_Main_Stack_Limit, __Main_Stack_Limit)
                0x00000100                _Minimum_Stack_Size = 0x100
                0x20006c44                PROVIDE (_Heap_Begin, _end_noinit)
                0x2000bc00                PROVIDE (_Heap_Limit, (__stack - __Main_Stack_Size))

.isr_vector     0x08000000      0x42c
                0x08000000                . = ALIGN (0x4)
 *(.isr_vector)
 .isr_vector    0x08000000      0x1e4 ./system/src/cmsis/vectors_stm32f10x.o
                0x08000000                __isr_vectors
 *(.cfmconfig)
 *(.after_vectors .after_vectors.*)
 .after_vectors
                0x080001e4      0x114 ./system/src/newlib/_startup.o
                0x080001e4                _start
 .after_vectors
                0x080002f8      0x130 ./system/src/cortexm/exception_handlers.o
                0x080002f8                Reset_Handler
                0x08000318                HardFault_Handler_C
                0x08000390                BusFault_Handler_C
                0x080003d8                UsageFault_Handler_C
 .after_vectors
                0x08000428        0x4 ./system/src/cmsis/vectors_stm32f10x.o
                0x08000428                EXTI2_IRQHandler
                0x08000428                TIM8_TRG_COM_IRQHandler
                0x08000428                TIM8_CC_IRQHandler
                0x08000428                TIM1_CC_IRQHandler
                0x08000428                TIM6_IRQHandler
                0x08000428                PVD_IRQHandler
                0x08000428                CAN2_RX1_IRQHandler
                0x08000428                TIM8_TRG_COM_TIM14_IRQHandler
                0x08000428                TIM1_UP_TIM10_IRQHandler
                0x08000428                TIM8_UP_TIM13_IRQHandler
                0x08000428                EXTI0_IRQHandler
                0x08000428                I2C2_EV_IRQHandler
                0x08000428                CAN1_RX0_IRQHandler
                0x08000428                TIM1_UP_TIM16_IRQHandler
                0x08000428                CAN2_SCE_IRQHandler
                0x08000428                ADC1_2_IRQHandler
                0x08000428                SPI1_IRQHandler
                0x08000428                TAMPER_IRQHandler
                0x08000428                TIM6_DAC_IRQHandler
                0x08000428                TIM1_BRK_TIM9_IRQHandler
                0x08000428                CAN2_RX0_IRQHandler
                0x08000428                TIM8_UP_IRQHandler
                0x08000428                DMA2_Channel2_IRQHandler
                0x08000428                DMA1_Channel4_IRQHandler
                0x08000428                USART3_IRQHandler
                0x08000428                RTC_IRQHandler
                0x08000428                DMA1_Channel7_IRQHandler
                0x08000428                CAN1_RX1_IRQHandler
                0x08000428                UART5_IRQHandler
                0x08000428                ADC3_IRQHandler
                0x08000428                TIM4_IRQHandler
                0x08000428                DMA2_Channel1_IRQHandler
                0x08000428                I2C1_EV_IRQHandler
                0x08000428                DMA1_Channel6_IRQHandler
                0x08000428                UART4_IRQHandler
                0x08000428                DMA2_Channel4_IRQHandler
                0x08000428                TIM3_IRQHandler
                0x08000428                RCC_IRQHandler
                0x08000428                TIM8_BRK_TIM12_IRQHandler
                0x08000428                TIM1_TRG_COM_IRQHandler
                0x08000428                DMA1_Channel1_IRQHandler
                0x08000428                Default_Handler
                0x08000428                CEC_IRQHandler
                0x08000428                TIM14_IRQHandler
                0x08000428                TIM13_IRQHandler
                0x08000428                TIM12_IRQHandler
                0x08000428                TIM7_IRQHandler
                0x08000428                CAN2_TX_IRQHandler
                0x08000428                ETH_WKUP_IRQHandler
                0x08000428                SPI2_IRQHandler
                0x08000428                CAN1_TX_IRQHandler
                0x08000428                DMA2_Channel5_IRQHandler
                0x08000428                DMA1_Channel5_IRQHandler
                0x08000428                EXTI4_IRQHandler
                0x08000428                USB_LP_CAN1_RX0_IRQHandler
                0x08000428                TIM1_TRG_COM_TIM17_IRQHandler
                0x08000428                USB_HP_CAN1_TX_IRQHandler
                0x08000428                FSMC_IRQHandler
                0x08000428                ETH_IRQHandler
                0x08000428                WWDG_IRQHandler
                0x08000428                TIM2_IRQHandler
                0x08000428                OTG_FS_WKUP_IRQHandler
                0x08000428                TIM1_TRG_COM_TIM11_IRQHandler
                0x08000428                TIM1_BRK_IRQHandler
                0x08000428                EXTI1_IRQHandler
                0x08000428                RTCAlarm_IRQHandler
                0x08000428                USART2_IRQHandler
                0x08000428                I2C2_ER_IRQHandler
                0x08000428                DMA1_Channel2_IRQHandler
                0x08000428                TIM8_BRK_IRQHandler
                0x08000428                CAN1_SCE_IRQHandler
                0x08000428                FLASH_IRQHandler
                0x08000428                USART1_IRQHandler
                0x08000428                OTG_FS_IRQHandler
                0x08000428                SPI3_IRQHandler
                0x08000428                I2C1_ER_IRQHandler
                0x08000428                USBWakeUp_IRQHandler
                0x08000428                DMA2_Channel3_IRQHandler
                0x08000428                TIM1_BRK_TIM15_IRQHandler
                0x0800042c                . = ALIGN (0x4)

.inits          0x0800042c        0x0
                0x0800042c                . = ALIGN (0x4)
 *(.init)
 *(.fini)
                0x0800042c                . = ALIGN (0x4)
                0x0800042c                PROVIDE (__preinit_array_start, .)
 *(.preinit_array_sysinit .preinit_array_sysinit.*)
 *(.preinit_array_platform .preinit_array_platform.*)
 *(.preinit_array .preinit_array.*)
                0x0800042c                PROVIDE (__preinit_array_end, .)
                0x0800042c                . = ALIGN (0x4)
                0x0800042c                PROVIDE (__init_array_start, .)
 *(SORT(.init_array.*))
 *(.init_array)
                0x0800042c                PROVIDE (__init_array_end, .)
                0x0800042c                . = ALIGN (0x4)
                0x0800042c                PROVIDE (__fini_array_start, .)
 *(SORT(.fini_array.*))
 *(.fini_array)
                0x0800042c                PROVIDE (__fini_array_end, .)
                0x0800042c                . = ALIGN (0x4)

.flashtext      0x0800042c        0x0
                0x0800042c                . = ALIGN (0x4)
 *(.flashtext .flashtext.*)
                0x0800042c                . = ALIGN (0x4)

.text           0x0800042c     0x9d00
                0x0800042c                . = ALIGN (0x4)
 *(.text .text.*)
 .text.NVIC_PriorityGroupConfig
                0x0800042c       0x40 ./system/src/stm32f1-stdperiph/misc.o
                0x0800042c                NVIC_PriorityGroupConfig
 .text.NVIC_Init
                0x0800046c       0x98 ./system/src/stm32f1-stdperiph/misc.o
                0x0800046c                NVIC_Init
 .text.ADC_Init
                0x08000504      0x148 ./system/src/stm32f1-stdperiph/stm32f10x_adc.o
                0x08000504                ADC_Init
 .text.ADC_Cmd  0x0800064c       0x54 ./system/src/stm32f1-stdperiph/stm32f10x_adc.o
                0x0800064c                ADC_Cmd
 .text.ADC_DMACmd
                0x080006a0       0x4c ./system/src/stm32f1-stdperiph/stm32f10x_adc.o
                0x080006a0                ADC_DMACmd
 .text.ADC_ITConfig
                0x080006ec       0x68 ./system/src/stm32f1-stdperiph/stm32f10x_adc.o
                0x080006ec                ADC_ITConfig
 .text.ADC_ResetCalibration
                0x08000754       0x38 ./system/src/stm32f1-stdperiph/stm32f10x_adc.o
                0x08000754                ADC_ResetCalibration
 .text.ADC_GetResetCalibrationStatus
                0x0800078c       0x3c ./system/src/stm32f1-stdperiph/stm32f10x_adc.o
                0x0800078c                ADC_GetResetCalibrationStatus
 .text.ADC_StartCalibration
                0x080007c8       0x38 ./system/src/stm32f1-stdperiph/stm32f10x_adc.o
                0x080007c8                ADC_StartCalibration
 .text.ADC_GetCalibrationStatus
                0x08000800       0x3c ./system/src/stm32f1-stdperiph/stm32f10x_adc.o
                0x08000800                ADC_GetCalibrationStatus
 .text.ADC_SoftwareStartConvCmd
                0x0800083c       0x54 ./system/src/stm32f1-stdperiph/stm32f10x_adc.o
                0x0800083c                ADC_SoftwareStartConvCmd
 .text.ADC_RegularChannelConfig
                0x08000890       0xe8 ./system/src/stm32f1-stdperiph/stm32f10x_adc.o
                0x08000890                ADC_RegularChannelConfig
 .text.DAC_Init
                0x08000978      0x118 ./system/src/stm32f1-stdperiph/stm32f10x_dac.o
                0x08000978                DAC_Init
 .text.DAC_Cmd  0x08000a90       0x48 ./system/src/stm32f1-stdperiph/stm32f10x_dac.o
                0x08000a90                DAC_Cmd
 .text.DMA_DeInit
                0x08000ad8      0x180 ./system/src/stm32f1-stdperiph/stm32f10x_dma.o
                0x08000ad8                DMA_DeInit
 .text.DMA_Init
                0x08000c58      0x150 ./system/src/stm32f1-stdperiph/stm32f10x_dma.o
                0x08000c58                DMA_Init
 .text.DMA_Cmd  0x08000da8       0x8c ./system/src/stm32f1-stdperiph/stm32f10x_dma.o
                0x08000da8                DMA_Cmd
 .text.DMA_ITConfig
                0x08000e34       0x98 ./system/src/stm32f1-stdperiph/stm32f10x_dma.o
                0x08000e34                DMA_ITConfig
 .text.DMA_GetFlagStatus
                0x08000ecc      0x170 ./system/src/stm32f1-stdperiph/stm32f10x_dma.o
                0x08000ecc                DMA_GetFlagStatus
 .text.DMA_ClearFlag
                0x0800103c       0x40 ./system/src/stm32f1-stdperiph/stm32f10x_dma.o
                0x0800103c                DMA_ClearFlag
 .text.DMA_ClearITPendingBit
                0x0800107c       0x40 ./system/src/stm32f1-stdperiph/stm32f10x_dma.o
                0x0800107c                DMA_ClearITPendingBit
 .text.EXTI_Init
                0x080010bc       0xd8 ./system/src/stm32f1-stdperiph/stm32f10x_exti.o
                0x080010bc                EXTI_Init
 .text.EXTI_GetITStatus
                0x08001194       0x94 ./system/src/stm32f1-stdperiph/stm32f10x_exti.o
                0x08001194                EXTI_GetITStatus
 .text.EXTI_ClearITPendingBit
                0x08001228       0x24 ./system/src/stm32f1-stdperiph/stm32f10x_exti.o
                0x08001228                EXTI_ClearITPendingBit
 .text.FLASH_UnlockBank1
                0x0800124c       0x18 ./system/src/stm32f1-stdperiph/stm32f10x_flash.o
                0x0800124c                FLASH_UnlockBank1
 .text.FLASH_LockBank1
                0x08001264       0x10 ./system/src/stm32f1-stdperiph/stm32f10x_flash.o
                0x08001264                FLASH_LockBank1
 .text.FLASH_ClearFlag
                0x08001274       0x24 ./system/src/stm32f1-stdperiph/stm32f10x_flash.o
                0x08001274                FLASH_ClearFlag
 .text.FLASH_GetBank1Status
                0x08001298       0x34 ./system/src/stm32f1-stdperiph/stm32f10x_flash.o
                0x08001298                FLASH_GetBank1Status
 .text.FLASH_WaitForLastOperation
                0x080012cc       0x20 ./system/src/stm32f1-stdperiph/stm32f10x_flash.o
                0x080012cc                FLASH_WaitForLastOperation
 .text.FLASH_ErasePage
                0x080012ec       0x5c ./system/src/stm32f1-stdperiph/stm32f10x_flash.o
                0x080012ec                FLASH_ErasePage
 .text.FLASH_ProgramHalfWord
                0x08001348       0x54 ./system/src/stm32f1-stdperiph/stm32f10x_flash.o
                0x08001348                FLASH_ProgramHalfWord
 .text.FSMC_NORSRAMInit
                0x0800139c      0x2ac ./system/src/stm32f1-stdperiph/stm32f10x_fsmc.o
                0x0800139c                FSMC_NORSRAMInit
 .text.FSMC_NORSRAMCmd
                0x08001648       0x5c ./system/src/stm32f1-stdperiph/stm32f10x_fsmc.o
                0x08001648                FSMC_NORSRAMCmd
 .text.GPIO_Init
                0x080016a4      0x12c ./system/src/stm32f1-stdperiph/stm32f10x_gpio.o
                0x080016a4                GPIO_Init
 .text.GPIO_ReadInputDataBit
                0x080017d0       0xb8 ./system/src/stm32f1-stdperiph/stm32f10x_gpio.o
                0x080017d0                GPIO_ReadInputDataBit
 .text.GPIO_ReadOutputDataBit
                0x08001888       0xb8 ./system/src/stm32f1-stdperiph/stm32f10x_gpio.o
                0x08001888                GPIO_ReadOutputDataBit
 .text.GPIO_SetBits
                0x08001940       0x60 ./system/src/stm32f1-stdperiph/stm32f10x_gpio.o
                0x08001940                GPIO_SetBits
 .text.GPIO_ResetBits
                0x080019a0       0x60 ./system/src/stm32f1-stdperiph/stm32f10x_gpio.o
                0x080019a0                GPIO_ResetBits
 .text.GPIO_PinRemapConfig
                0x08001a00      0x1d0 ./system/src/stm32f1-stdperiph/stm32f10x_gpio.o
                0x08001a00                GPIO_PinRemapConfig
 .text.GPIO_EXTILineConfig
                0x08001bd0       0x54 ./system/src/stm32f1-stdperiph/stm32f10x_gpio.o
                0x08001bd0                GPIO_EXTILineConfig
 .text.RCC_ADCCLKConfig
                0x08001c24       0x38 ./system/src/stm32f1-stdperiph/stm32f10x_rcc.o
                0x08001c24                RCC_ADCCLKConfig
 .text.RCC_AHBPeriphClockCmd
                0x08001c5c       0x4c ./system/src/stm32f1-stdperiph/stm32f10x_rcc.o
                0x08001c5c                RCC_AHBPeriphClockCmd
 .text.RCC_APB2PeriphClockCmd
                0x08001ca8       0x4c ./system/src/stm32f1-stdperiph/stm32f10x_rcc.o
                0x08001ca8                RCC_APB2PeriphClockCmd
 .text.RCC_APB1PeriphClockCmd
                0x08001cf4       0x4c ./system/src/stm32f1-stdperiph/stm32f10x_rcc.o
                0x08001cf4                RCC_APB1PeriphClockCmd
 .text.SDIO_DeInit
                0x08001d40       0x24 ./system/src/stm32f1-stdperiph/stm32f10x_sdio.o
                0x08001d40                SDIO_DeInit
 .text.SDIO_Init
                0x08001d64       0x94 ./system/src/stm32f1-stdperiph/stm32f10x_sdio.o
                0x08001d64                SDIO_Init
 .text.SDIO_ClockCmd
                0x08001df8       0x20 ./system/src/stm32f1-stdperiph/stm32f10x_sdio.o
                0x08001df8                SDIO_ClockCmd
 .text.SDIO_SetPowerState
                0x08001e18       0x2c ./system/src/stm32f1-stdperiph/stm32f10x_sdio.o
                0x08001e18                SDIO_SetPowerState
 .text.SDIO_GetPowerState
                0x08001e44       0x10 ./system/src/stm32f1-stdperiph/stm32f10x_sdio.o
                0x08001e44                SDIO_GetPowerState
 .text.SDIO_ITConfig
                0x08001e54       0x48 ./system/src/stm32f1-stdperiph/stm32f10x_sdio.o
                0x08001e54                SDIO_ITConfig
 .text.SDIO_DMACmd
                0x08001e9c       0x20 ./system/src/stm32f1-stdperiph/stm32f10x_sdio.o
                0x08001e9c                SDIO_DMACmd
 .text.SDIO_SendCommand
                0x08001ebc       0x84 ./system/src/stm32f1-stdperiph/stm32f10x_sdio.o
                0x08001ebc                SDIO_SendCommand
 .text.SDIO_GetCommandResponse
                0x08001f40        0xc ./system/src/stm32f1-stdperiph/stm32f10x_sdio.o
                0x08001f40                SDIO_GetCommandResponse
 .text.SDIO_GetResponse
                0x08001f4c       0x38 ./system/src/stm32f1-stdperiph/stm32f10x_sdio.o
                0x08001f4c                SDIO_GetResponse
 .text.SDIO_DataConfig
                0x08001f84       0xbc ./system/src/stm32f1-stdperiph/stm32f10x_sdio.o
                0x08001f84                SDIO_DataConfig
 .text.SDIO_ReadData
                0x08002040        0xc ./system/src/stm32f1-stdperiph/stm32f10x_sdio.o
                0x08002040                SDIO_ReadData
 .text.SDIO_GetFlagStatus
                0x0800204c       0xa4 ./system/src/stm32f1-stdperiph/stm32f10x_sdio.o
                0x0800204c                SDIO_GetFlagStatus
 .text.SDIO_ClearFlag
                0x080020f0       0x28 ./system/src/stm32f1-stdperiph/stm32f10x_sdio.o
                0x080020f0                SDIO_ClearFlag
 .text.SDIO_ClearITPendingBit
                0x08002118       0x28 ./system/src/stm32f1-stdperiph/stm32f10x_sdio.o
                0x08002118                SDIO_ClearITPendingBit
 .text.SPI_Init
                0x08002140      0x12c ./system/src/stm32f1-stdperiph/stm32f10x_spi.o
                0x08002140                SPI_Init
 .text.SPI_Cmd  0x0800226c       0x58 ./system/src/stm32f1-stdperiph/stm32f10x_spi.o
                0x0800226c                SPI_Cmd
 .text.SPI_I2S_SendData
                0x080022c4       0x34 ./system/src/stm32f1-stdperiph/stm32f10x_spi.o
                0x080022c4                SPI_I2S_SendData
 .text.SPI_I2S_ReceiveData
                0x080022f8       0x34 ./system/src/stm32f1-stdperiph/stm32f10x_spi.o
                0x080022f8                SPI_I2S_ReceiveData
 .text.SPI_I2S_GetFlagStatus
                0x0800232c       0x68 ./system/src/stm32f1-stdperiph/stm32f10x_spi.o
                0x0800232c                SPI_I2S_GetFlagStatus
 .text.TIM_TimeBaseInit
                0x08002394      0x15c ./system/src/stm32f1-stdperiph/stm32f10x_tim.o
                0x08002394                TIM_TimeBaseInit
 .text.TIM_OC1Init
                0x080024f0      0x1a4 ./system/src/stm32f1-stdperiph/stm32f10x_tim.o
                0x080024f0                TIM_OC1Init
 .text.TIM_OC2Init
                0x08002694      0x17c ./system/src/stm32f1-stdperiph/stm32f10x_tim.o
                0x08002694                TIM_OC2Init
 .text.TIM_OC3Init
                0x08002810      0x15c ./system/src/stm32f1-stdperiph/stm32f10x_tim.o
                0x08002810                TIM_OC3Init
 .text.TIM_OC4Init
                0x0800296c      0x110 ./system/src/stm32f1-stdperiph/stm32f10x_tim.o
                0x0800296c                TIM_OC4Init
 .text.TIM_Cmd  0x08002a7c       0xc8 ./system/src/stm32f1-stdperiph/stm32f10x_tim.o
                0x08002a7c                TIM_Cmd
 .text.TIM_CtrlPWMOutputs
                0x08002b44       0x3c ./system/src/stm32f1-stdperiph/stm32f10x_tim.o
                0x08002b44                TIM_CtrlPWMOutputs
 .text.TIM_ITConfig
                0x08002b80       0xd8 ./system/src/stm32f1-stdperiph/stm32f10x_tim.o
                0x08002b80                TIM_ITConfig
 .text.TIM_SetAutoreload
                0x08002c58       0xa0 ./system/src/stm32f1-stdperiph/stm32f10x_tim.o
                0x08002c58                TIM_SetAutoreload
 .text.TIM_SetCompare1
                0x08002cf8       0x90 ./system/src/stm32f1-stdperiph/stm32f10x_tim.o
                0x08002cf8                TIM_SetCompare1
 .text.TIM_GetCounter
                0x08002d88       0xa0 ./system/src/stm32f1-stdperiph/stm32f10x_tim.o
                0x08002d88                TIM_GetCounter
 .text.TIM_ClearITPendingBit
                0x08002e28       0xb8 ./system/src/stm32f1-stdperiph/stm32f10x_tim.o
                0x08002e28                TIM_ClearITPendingBit
 .text._sbrk    0x08002ee0       0x44 ./system/src/newlib/_sbrk.o
                0x08002ee0                _sbrk
 .text.__initialize_args
                0x08002f24       0x10 ./system/src/newlib/_syscalls.o
                0x08002f24                __initialize_args
 .text.trace_printf
                0x08002f34       0x34 ./system/src/diag/Trace.o
                0x08002f34                trace_printf
 .text._trace_write_semihosting_debug
                0x08002f68       0x64 ./system/src/diag/trace_impl.o
 .text.trace_write
                0x08002fcc        0x8 ./system/src/diag/trace_impl.o
                0x08002fcc                trace_write
 .text.__initialize_hardware_early
                0x08002fd4        0x8 ./system/src/cortexm/_initialize_hardware.o
                0x08002fd4                __initialize_hardware_early
 .text.__initialize_hardware
                0x08002fdc        0x8 ./system/src/cortexm/_initialize_hardware.o
                0x08002fdc                __initialize_hardware
 .text.dumpExceptionStack
                0x08002fe4       0xf0 ./system/src/cortexm/exception_handlers.o
                0x08002fe4                dumpExceptionStack
 .text.isSemihosting
                0x080030d4       0x20 ./system/src/cortexm/exception_handlers.o
                0x080030d4                isSemihosting
 .text.SetSysClockTo72
                0x080030f4       0xc4 ./system/src/cmsis/system_stm32f10x.o
 .text.SetSysClock
                0x080031b8        0x8 ./system/src/cmsis/system_stm32f10x.o
 .text.SystemInit
                0x080031c0       0x50 ./system/src/cmsis/system_stm32f10x.o
                0x080031c0                SystemInit
 .text.SystemCoreClockUpdate
                0x08003210       0x94 ./system/src/cmsis/system_stm32f10x.o
                0x08003210                SystemCoreClockUpdate
 .text.deSelectSPIChan
                0x080032a4       0x28 ./src/SPI_Flash.o
                0x080032a4                deSelectSPIChan
 .text.SPI2_Init
                0x080032cc       0xb0 ./src/SPI_Flash.o
                0x080032cc                SPI2_Init
 .text.SPI_SendByteChan
                0x0800337c       0x30 ./src/SPI_Flash.o
                0x0800337c                SPI_SendByteChan
 .text.SPI_ReadByteChan
                0x080033ac        0x8 ./src/SPI_Flash.o
                0x080033ac                SPI_ReadByteChan
 .text.DFS_GetPtnStart
                0x080033b4       0x84 ./src/dosfs.o
                0x080033b4                DFS_GetPtnStart
 .text.DFS_GetVolInfo
                0x08003438      0x124 ./src/dosfs.o
                0x08003438                DFS_GetVolInfo
 .text.DFS_GetFAT
                0x0800355c       0xfc ./src/dosfs.o
                0x0800355c                DFS_GetFAT
 .text.DFS_SetFAT
                0x08003658      0x234 ./src/dosfs.o
                0x08003658                DFS_SetFAT
 .text.DFS_CanonicalToDir
                0x0800388c       0x50 ./src/dosfs.o
                0x0800388c                DFS_CanonicalToDir
 .text.DFS_GetFreeFAT
                0x080038dc       0x34 ./src/dosfs.o
                0x080038dc                DFS_GetFreeFAT
 .text.DFS_GetNext
                0x08003910      0x10c ./src/dosfs.o
                0x08003910                DFS_GetNext
 .text.DFS_OpenDir
                0x08003a1c      0x19c ./src/dosfs.o
                0x08003a1c                DFS_OpenDir
 .text.DFS_GetFreeDirEnt
                0x08003bb8      0x110 ./src/dosfs.o
                0x08003bb8                DFS_GetFreeDirEnt
 .text.DFS_OpenFile
                0x08003cc8      0x2ac ./src/dosfs.o
                0x08003cc8                DFS_OpenFile
 .text.initFlashVariables
                0x08003f74       0x1c ./src/main.o
                0x08003f74                initFlashVariables
 .text.saveVariablesToFlash
                0x08003f90       0x90 ./src/main.o
                0x08003f90                saveVariablesToFlash
 .text.sysDelay
                0x08004020       0x14 ./src/main.o
                0x08004020                sysDelay
 .text.LCDDMA   0x08004034       0x7c ./src/main.o
                0x08004034                LCDDMA
 .text.assignString
                0x080040b0       0x14 ./src/main.o
                0x080040b0                assignString
 .text.drawOptions
                0x080040c4       0xd0 ./src/main.o
                0x080040c4                drawOptions
 .text.PWMGPIOConfig
                0x08004194       0x5c ./src/main.o
                0x08004194                PWMGPIOConfig
 .text.ADCGPIOConfig
                0x080041f0       0x3c ./src/main.o
                0x080041f0                ADCGPIOConfig
 .text.displayFrame
                0x0800422c      0x190 ./src/main.o
                0x0800422c                displayFrame
 .text.playSound
                0x080043bc       0xb8 ./src/main.o
                0x080043bc                playSound
 .text.updateWAVBuffer
                0x08004474       0x80 ./src/main.o
                0x08004474                updateWAVBuffer
 .text.PWMConfig
                0x080044f4      0x1c4 ./src/main.o
                0x080044f4                PWMConfig
 .text.ADCConfig
                0x080046b8       0xc0 ./src/main.o
                0x080046b8                ADCConfig
 .text.ADCConfig2
                0x08004778       0xcc ./src/main.o
                0x08004778                ADCConfig2
 .text.RCC_Configuration
                0x08004844       0x2c ./src/main.o
                0x08004844                RCC_Configuration
 .text.Delay    0x08004870       0x18 ./src/main.o
                0x08004870                Delay
 .text.Decrement_TimingDelay
                0x08004888       0x14 ./src/main.o
                0x08004888                Decrement_TimingDelay
 .text.NVIC_Configuration
                0x0800489c       0xac ./src/main.o
                0x0800489c                NVIC_Configuration
 .text.main     0x08004948      0x41c ./src/main.o
                0x08004948                main
 .text.delay_us
                0x08004d64        0x8 ./src/main.o
                0x08004d64                delay_us
 .text.read_once
                0x08004d6c       0xe8 ./src/main.o
                0x08004d6c                read_once
 .text.assert_failed
                0x08004e54       0x14 ./src/main.o
                0x08004e54                assert_failed
 .text.analogAction
                0x08004e68       0x70 ./src/menu.o
                0x08004e68                analogAction
 .text.MYDEBUGAction
                0x08004ed8       0x1c ./src/menu.o
                0x08004ed8                MYDEBUGAction
 .text.selectOptionSimple
                0x08004ef4       0x24 ./src/menu.o
                0x08004ef4                selectOptionSimple
 .text.selectOptionSlider
                0x08004f18       0x3c ./src/menu.o
                0x08004f18                selectOptionSlider
 .text.menuSelection
                0x08004f54       0x18 ./src/menu.o
                0x08004f54                menuSelection
 .text.PWMAction
                0x08004f6c      0x1d8 ./src/menu.o
                0x08004f6c                PWMAction
 .text.PWMSliderAction
                0x08005144      0x120 ./src/menu.o
                0x08005144                PWMSliderAction
 .text.GPIOAction
                0x08005264       0xa4 ./src/menu.o
                0x08005264                GPIOAction
 .text.saveAction
                0x08005308       0x50 ./src/menu.o
                0x08005308                saveAction
 .text.loadAction
                0x08005358       0x3c ./src/menu.o
                0x08005358                loadAction
 .text.readingsAction
                0x08005394       0x60 ./src/menu.o
                0x08005394                readingsAction
 .text.delay    0x080053f4       0x18 ./src/menu.o
                0x080053f4                delay
 .text.getRelTouch
                0x0800540c      0x198 ./src/menu.o
                0x0800540c                getRelTouch
 .text.menuOption
                0x080055a4       0xec ./src/menu.o
                0x080055a4                menuOption
 .text.startMenu
                0x08005690       0x4c ./src/menu.o
                0x08005690                startMenu
 .text.drawMenu
                0x080056dc       0x9c ./src/menu.o
                0x080056dc                drawMenu
 .text.menuInterface
                0x08005778       0x7c ./src/menu.o
                0x08005778                menuInterface
 .text.menuCopy
                0x080057f4       0x50 ./src/menu.o
                0x080057f4                menuCopy
 .text.menuInit
                0x08005844      0x100 ./src/menu.o
                0x08005844                menuInit
 .text.round    0x08005944       0x20 ./src/myMaths.o
                0x08005944                round
 .text._write   0x08005964       0x78 ./src/newlibStubs.o
                0x08005964                _write
 .text._exit    0x080059dc       0x14 ./src/newlibStubs.o
                0x080059dc                _exit
 .text.updateSoundPWM
                0x080059f0       0x58 ./src/sound.o
                0x080059f0                updateSoundPWM
 .text.STM_EVAL_LEDOn
                0x08005a48       0x18 ./src/stm3210e_eval.o
                0x08005a48                STM_EVAL_LEDOn
 .text.SD_LowLevel_Init
                0x08005a60       0x74 ./src/stm3210e_eval.o
                0x08005a60                SD_LowLevel_Init
 .text.SD_LowLevel_DMA_TxConfig
                0x08005ad4       0x64 ./src/stm3210e_eval.o
                0x08005ad4                SD_LowLevel_DMA_TxConfig
 .text.SD_LowLevel_DMA_RxConfig
                0x08005b38       0x64 ./src/stm3210e_eval.o
                0x08005b38                SD_LowLevel_DMA_RxConfig
 .text.SD_LCD_DMA_RxConfig
                0x08005b9c       0x94 ./src/stm3210e_eval.o
                0x08005b9c                SD_LCD_DMA_RxConfig
 .text.SD_DMAEndOfTransferStatus
                0x08005c30       0x10 ./src/stm3210e_eval.o
                0x08005c30                SD_DMAEndOfTransferStatus
 .text.delay    0x08005c40       0x28 ./src/stm3210e_eval_lcd.o
 .text.LCD_Write_COM
                0x08005c68        0x8 ./src/stm3210e_eval_lcd.o
                0x08005c68                LCD_Write_COM
 .text.lcd_rst  0x08005c70       0x2c ./src/stm3210e_eval_lcd.o
                0x08005c70                lcd_rst
 .text.LCD_SetTextColor
                0x08005c9c       0x18 ./src/stm3210e_eval_lcd.o
                0x08005c9c                LCD_SetTextColor
 .text.LCD_SetBackColor
                0x08005cb4       0x18 ./src/stm3210e_eval_lcd.o
                0x08005cb4                LCD_SetBackColor
 .text.LCD_SetFont
                0x08005ccc        0xc ./src/stm3210e_eval_lcd.o
                0x08005ccc                LCD_SetFont
 .text.LCD_GetFont
                0x08005cd8        0xc ./src/stm3210e_eval_lcd.o
                0x08005cd8                LCD_GetFont
 .text.LCD_WriteReg
                0x08005ce4       0x10 ./src/stm3210e_eval_lcd.o
                0x08005ce4                LCD_WriteReg
 .text.LCD_ReadReg
                0x08005cf4       0x10 ./src/stm3210e_eval_lcd.o
                0x08005cf4                LCD_ReadReg
 .text.LCD_WriteRAM_Prepare
                0x08005d04       0x20 ./src/stm3210e_eval_lcd.o
                0x08005d04                LCD_WriteRAM_Prepare
 .text.LCD_WriteRAM
                0x08005d24        0xc ./src/stm3210e_eval_lcd.o
                0x08005d24                LCD_WriteRAM
 .text.LCD_Write_DATA
                0x08005d30        0x8 ./src/stm3210e_eval_lcd.o
                0x08005d30                LCD_Write_DATA
 .text.setArea  0x08005d38       0x48 ./src/stm3210e_eval_lcd.o
                0x08005d38                setArea
 .text.LCD_SetCursor
                0x08005d80       0x98 ./src/stm3210e_eval_lcd.o
                0x08005d80                LCD_SetCursor
 .text.LCD_Clear
                0x08005e18       0x28 ./src/stm3210e_eval_lcd.o
                0x08005e18                LCD_Clear
 .text.STM3210E_LCD_Init
                0x08005e40      0x908 ./src/stm3210e_eval_lcd.o
                0x08005e40                STM3210E_LCD_Init
 .text.LCD_DrawChar
                0x08006748       0x94 ./src/stm3210e_eval_lcd.o
                0x08006748                LCD_DrawChar
 .text.LCD_DisplayChar
                0x080067dc       0x20 ./src/stm3210e_eval_lcd.o
                0x080067dc                LCD_DisplayChar
 .text.LCD_DisplayStringLine
                0x080067fc       0x68 ./src/stm3210e_eval_lcd.o
                0x080067fc                LCD_DisplayStringLine
 .text.LCD_DisplayStringLineFromCentre
                0x08006864       0x64 ./src/stm3210e_eval_lcd.o
                0x08006864                LCD_DisplayStringLineFromCentre
 .text.LCD_DisplayStringLineSlider
                0x080068c8       0xa4 ./src/stm3210e_eval_lcd.o
                0x080068c8                LCD_DisplayStringLineSlider
 .text.LCD_CtrlLinesConfig
                0x0800696c      0x1a0 ./src/stm3210e_eval_lcd.o
                0x0800696c                LCD_CtrlLinesConfig
 .text.LCD_FSMCConfig
                0x08006b0c       0x58 ./src/stm3210e_eval_lcd.o
                0x08006b0c                LCD_FSMCConfig
 .text.CmdResp1Error
                0x08006b64       0x20 ./src/stm32_eval_sdio_sd.o
 .text.CmdError
                0x08006b84       0x28 ./src/stm32_eval_sdio_sd.o
 .text.CmdResp7Error
                0x08006bac       0x48 ./src/stm32_eval_sdio_sd.o
 .text.CmdResp3Error
                0x08006bf4       0x34 ./src/stm32_eval_sdio_sd.o
 .text.CmdResp2Error
                0x08006c28       0x44 ./src/stm32_eval_sdio_sd.o
 .text.CmdResp6Error
                0x08006c6c       0x84 ./src/stm32_eval_sdio_sd.o
 .text.FindSCR  0x08006cf0      0x168 ./src/stm32_eval_sdio_sd.o
 .text.SDEnWideBus
                0x08006e58       0xec ./src/stm32_eval_sdio_sd.o
 .text.SD_Detect
                0x08006f44       0x2c ./src/stm32_eval_sdio_sd.o
                0x08006f44                SD_Detect
 .text.SD_PowerON
                0x08006f70      0x150 ./src/stm32_eval_sdio_sd.o
                0x08006f70                SD_PowerON
 .text.SD_InitializeCards
                0x080070c0      0x10c ./src/stm32_eval_sdio_sd.o
                0x080070c0                SD_InitializeCards
 .text.SD_GetCardInfo
                0x080071cc      0x284 ./src/stm32_eval_sdio_sd.o
                0x080071cc                SD_GetCardInfo
 .text.SD_EnableWideBusOperation
                0x08007450       0x78 ./src/stm32_eval_sdio_sd.o
                0x08007450                SD_EnableWideBusOperation
 .text.SD_SelectDeselect
                0x080074c8       0x2c ./src/stm32_eval_sdio_sd.o
                0x080074c8                SD_SelectDeselect
 .text.SD_Init  0x080074f4       0x64 ./src/stm32_eval_sdio_sd.o
                0x080074f4                SD_Init
 .text.SD_ReadMultiBlocks
                0x08007558       0xd8 ./src/stm32_eval_sdio_sd.o
                0x08007558                SD_ReadMultiBlocks
 .text.SD_LCDReadMultiBlocks
                0x08007630       0xe4 ./src/stm32_eval_sdio_sd.o
                0x08007630                SD_LCDReadMultiBlocks
 .text.SD_WaitReadOperation
                0x08007714       0x34 ./src/stm32_eval_sdio_sd.o
                0x08007714                SD_WaitReadOperation
 .text.SD_WriteBlock
                0x08007748       0xa0 ./src/stm32_eval_sdio_sd.o
                0x08007748                SD_WriteBlock
 .text.SD_WaitWriteOperation
                0x080077e8       0x40 ./src/stm32_eval_sdio_sd.o
                0x080077e8                SD_WaitWriteOperation
 .text.SD_SendStatus
                0x08007828       0x30 ./src/stm32_eval_sdio_sd.o
                0x08007828                SD_SendStatus
 .text.SD_GetState
                0x08007858       0x2c ./src/stm32_eval_sdio_sd.o
                0x08007858                SD_GetState
 .text.SD_GetStatus
                0x08007884       0x1c ./src/stm32_eval_sdio_sd.o
                0x08007884                SD_GetStatus
 .text.SD_ProcessIRQSrc
                0x080078a0       0x58 ./src/stm32_eval_sdio_sd.o
                0x080078a0                SD_ProcessIRQSrc
 .text.NMI_Handler
                0x080078f8        0x4 ./src/stm32f10x_it.o
                0x080078f8                NMI_Handler
 .text.HardFault_Handler
                0x080078fc        0x4 ./src/stm32f10x_it.o
                0x080078fc                HardFault_Handler
 .text.MemManage_Handler
                0x08007900        0x4 ./src/stm32f10x_it.o
                0x08007900                MemManage_Handler
 .text.BusFault_Handler
                0x08007904        0x4 ./src/stm32f10x_it.o
                0x08007904                BusFault_Handler
 .text.UsageFault_Handler
                0x08007908        0x4 ./src/stm32f10x_it.o
                0x08007908                UsageFault_Handler
 .text.SVC_Handler
                0x0800790c        0x4 ./src/stm32f10x_it.o
                0x0800790c                SVC_Handler
 .text.DebugMon_Handler
                0x08007910        0x4 ./src/stm32f10x_it.o
                0x08007910                DebugMon_Handler
 .text.PendSV_Handler
                0x08007914        0x4 ./src/stm32f10x_it.o
                0x08007914                PendSV_Handler
 .text.SysTick_Handler
                0x08007918        0x8 ./src/stm32f10x_it.o
                0x08007918                SysTick_Handler
 .text.EXTI3_IRQHandler
                0x08007920       0x14 ./src/stm32f10x_it.o
                0x08007920                EXTI3_IRQHandler
 .text.DMA1_Channel3_IRQHandler
                0x08007934       0x18 ./src/stm32f10x_it.o
                0x08007934                DMA1_Channel3_IRQHandler
 .text.DMA2_Channel4_5_IRQHandler
                0x0800794c       0x5c ./src/stm32f10x_it.o
                0x0800794c                DMA2_Channel4_5_IRQHandler
 .text.EXTI9_5_IRQHandler
                0x080079a8       0x44 ./src/stm32f10x_it.o
                0x080079a8                EXTI9_5_IRQHandler
 .text.EXTI15_10_IRQHandler
                0x080079ec       0x18 ./src/stm32f10x_it.o
                0x080079ec                EXTI15_10_IRQHandler
 .text.SDIO_IRQHandler
                0x08007a04       0x14 ./src/stm32f10x_it.o
                0x08007a04                SDIO_IRQHandler
 .text.TIM1_UP_IRQHandler
                0x08007a18       0x14 ./src/stm32f10x_it.o
                0x08007a18                TIM1_UP_IRQHandler
 .text.TIM5_IRQHandler
                0x08007a2c      0x1fc ./src/stm32f10x_it.o
                0x08007a2c                TIM5_IRQHandler
 .text.getFileSector
                0x08007c28       0x54 ./src/storage.o
                0x08007c28                getFileSector
 .text.DFS_ReadSector
                0x08007c7c       0x38 ./src/storage.o
                0x08007c7c                DFS_ReadSector
 .text.Storage_Init
                0x08007cb4      0x10c ./src/storage.o
                0x08007cb4                Storage_Init
 .text.DFS_WriteSector
                0x08007dc0       0x24 ./src/storage.o
                0x08007dc0                DFS_WriteSector
 .text.__errno  0x08007de4        0xc c:/program files (x86)/gnu tools arm embedded/4.9 2015q1/bin/../lib/gcc/arm-none-eabi/4.9.3/../../../../arm-none-eabi/lib/armv7-m\libg_nano.a(lib_a-errno.o)
                0x08007de4                __errno
 .text.ldiv     0x08007df0       0x28 c:/program files (x86)/gnu tools arm embedded/4.9 2015q1/bin/../lib/gcc/arm-none-eabi/4.9.3/../../../../arm-none-eabi/lib/armv7-m\libg_nano.a(lib_a-ldiv.o)
                0x08007df0                ldiv
 .text.memcmp   0x08007e18       0x20 c:/program files (x86)/gnu tools arm embedded/4.9 2015q1/bin/../lib/gcc/arm-none-eabi/4.9.3/../../../../arm-none-eabi/lib/armv7-m\libg_nano.a(lib_a-memcmp.o)
                0x08007e18                memcmp
 .text.memcpy   0x08007e38       0x16 c:/program files (x86)/gnu tools arm embedded/4.9 2015q1/bin/../lib/gcc/arm-none-eabi/4.9.3/../../../../arm-none-eabi/lib/armv7-m\libg_nano.a(lib_a-memcpy.o)
                0x08007e38                memcpy
 .text.memset   0x08007e4e       0x10 c:/program files (x86)/gnu tools arm embedded/4.9 2015q1/bin/../lib/gcc/arm-none-eabi/4.9.3/../../../../arm-none-eabi/lib/armv7-m\libg_nano.a(lib_a-memset.o)
                0x08007e4e                memset
 *fill*         0x08007e5e        0x2 
 .text.sprintf  0x08007e60       0x48 c:/program files (x86)/gnu tools arm embedded/4.9 2015q1/bin/../lib/gcc/arm-none-eabi/4.9.3/../../../../arm-none-eabi/lib/armv7-m\libg_nano.a(lib_a-sprintf.o)
                0x08007e60                siprintf
                0x08007e60                sprintf
 .text          0x08007ea8       0x14 c:/program files (x86)/gnu tools arm embedded/4.9 2015q1/bin/../lib/gcc/arm-none-eabi/4.9.3/../../../../arm-none-eabi/lib/armv7-m\libg_nano.a(lib_a-strcmp.o)
                0x08007ea8                strcmp
 .text.strcpy   0x08007ebc       0x10 c:/program files (x86)/gnu tools arm embedded/4.9 2015q1/bin/../lib/gcc/arm-none-eabi/4.9.3/../../../../arm-none-eabi/lib/armv7-m\libg_nano.a(lib_a-strcpy.o)
                0x08007ebc                strcpy
 .text.strlen   0x08007ecc       0x10 c:/program files (x86)/gnu tools arm embedded/4.9 2015q1/bin/../lib/gcc/arm-none-eabi/4.9.3/../../../../arm-none-eabi/lib/armv7-m\libg_nano.a(lib_a-strlen.o)
                0x08007ecc                strlen
 .text.strncpy  0x08007edc       0x24 c:/program files (x86)/gnu tools arm embedded/4.9 2015q1/bin/../lib/gcc/arm-none-eabi/4.9.3/../../../../arm-none-eabi/lib/armv7-m\libg_nano.a(lib_a-strncpy.o)
                0x08007edc                strncpy
 .text._vsnprintf_r
                0x08007f00       0x52 c:/program files (x86)/gnu tools arm embedded/4.9 2015q1/bin/../lib/gcc/arm-none-eabi/4.9.3/../../../../arm-none-eabi/lib/armv7-m\libg_nano.a(lib_a-vsnprintf.o)
                0x08007f00                _vsniprintf_r
                0x08007f00                _vsnprintf_r
 *fill*         0x08007f52        0x2 
 .text.vsnprintf
                0x08007f54       0x20 c:/program files (x86)/gnu tools arm embedded/4.9 2015q1/bin/../lib/gcc/arm-none-eabi/4.9.3/../../../../arm-none-eabi/lib/armv7-m\libg_nano.a(lib_a-vsnprintf.o)
                0x08007f54                vsniprintf
                0x08007f54                vsnprintf
 .text._malloc_r
                0x08007f74       0xac c:/program files (x86)/gnu tools arm embedded/4.9 2015q1/bin/../lib/gcc/arm-none-eabi/4.9.3/../../../../arm-none-eabi/lib/armv7-m\libg_nano.a(lib_a-nano-mallocr.o)
                0x08007f74                _malloc_r
 .text.__ssputs_r
                0x08008020       0xb2 c:/program files (x86)/gnu tools arm embedded/4.9 2015q1/bin/../lib/gcc/arm-none-eabi/4.9.3/../../../../arm-none-eabi/lib/armv7-m\libg_nano.a(lib_a-nano-svfprintf.o)
                0x08008020                __ssputs_r
 *fill*         0x080080d2        0x2 
 .text._svfprintf_r
                0x080080d4      0x1e4 c:/program files (x86)/gnu tools arm embedded/4.9 2015q1/bin/../lib/gcc/arm-none-eabi/4.9.3/../../../../arm-none-eabi/lib/armv7-m\libg_nano.a(lib_a-nano-svfprintf.o)
                0x080080d4                _svfiprintf_r
                0x080080d4                _svfprintf_r
 .text._printf_common
                0x080082b8       0xea c:/program files (x86)/gnu tools arm embedded/4.9 2015q1/bin/../lib/gcc/arm-none-eabi/4.9.3/../../../../arm-none-eabi/lib/armv7-m\libg_nano.a(lib_a-nano-vfprintf_i.o)
                0x080082b8                _printf_common
 *fill*         0x080083a2        0x2 
 .text._printf_i
                0x080083a4      0x240 c:/program files (x86)/gnu tools arm embedded/4.9 2015q1/bin/../lib/gcc/arm-none-eabi/4.9.3/../../../../arm-none-eabi/lib/armv7-m\libg_nano.a(lib_a-nano-vfprintf_i.o)
                0x080083a4                _printf_i
 .text._sbrk_r  0x080085e4       0x20 c:/program files (x86)/gnu tools arm embedded/4.9 2015q1/bin/../lib/gcc/arm-none-eabi/4.9.3/../../../../arm-none-eabi/lib/armv7-m\libg_nano.a(lib_a-sbrkr.o)
                0x080085e4                _sbrk_r
 .text.memchr   0x08008604       0x1c c:/program files (x86)/gnu tools arm embedded/4.9 2015q1/bin/../lib/gcc/arm-none-eabi/4.9.3/../../../../arm-none-eabi/lib/armv7-m\libg_nano.a(lib_a-memchr.o)
                0x08008604                memchr
 .text.memmove  0x08008620       0x36 c:/program files (x86)/gnu tools arm embedded/4.9 2015q1/bin/../lib/gcc/arm-none-eabi/4.9.3/../../../../arm-none-eabi/lib/armv7-m\libg_nano.a(lib_a-memmove.o)
                0x08008620                memmove
 *fill*         0x08008656        0x2 
 .text._free_r  0x08008658       0x88 c:/program files (x86)/gnu tools arm embedded/4.9 2015q1/bin/../lib/gcc/arm-none-eabi/4.9.3/../../../../arm-none-eabi/lib/armv7-m\libg_nano.a(lib_a-nano-freer.o)
                0x08008658                _free_r
 .text._realloc_r
                0x080086e0       0x4c c:/program files (x86)/gnu tools arm embedded/4.9 2015q1/bin/../lib/gcc/arm-none-eabi/4.9.3/../../../../arm-none-eabi/lib/armv7-m\libg_nano.a(lib_a-nano-reallocr.o)
                0x080086e0                _realloc_r
 .text._malloc_usable_size_r
                0x0800872c       0x14 c:/program files (x86)/gnu tools arm embedded/4.9 2015q1/bin/../lib/gcc/arm-none-eabi/4.9.3/../../../../arm-none-eabi/lib/armv7-m\libg_nano.a(lib_a-nano-msizer.o)
                0x0800872c                _malloc_usable_size_r
 *(.rodata .rodata.*)
 .rodata.str1.4
                0x08008740       0x27 ./system/src/stm32f1-stdperiph/misc.o
                                 0x28 (size before relaxing)
 *fill*         0x08008767        0x1 
 .rodata.str1.4
                0x08008768       0x30 ./system/src/stm32f1-stdperiph/stm32f10x_adc.o
 .rodata.str1.4
                0x08008798       0x30 ./system/src/stm32f1-stdperiph/stm32f10x_dac.o
 .rodata.str1.4
                0x080087c8       0x30 ./system/src/stm32f1-stdperiph/stm32f10x_dma.o
 .rodata.str1.4
                0x080087f8       0x31 ./system/src/stm32f1-stdperiph/stm32f10x_exti.o
                                 0x34 (size before relaxing)
 *fill*         0x08008829        0x3 
 .rodata.str1.4
                0x0800882c       0x32 ./system/src/stm32f1-stdperiph/stm32f10x_flash.o
                                 0x34 (size before relaxing)
 *fill*         0x0800885e        0x2 
 .rodata.str1.4
                0x08008860       0x31 ./system/src/stm32f1-stdperiph/stm32f10x_fsmc.o
                                 0x34 (size before relaxing)
 *fill*         0x08008891        0x3 
 .rodata.str1.4
                0x08008894       0x31 ./system/src/stm32f1-stdperiph/stm32f10x_gpio.o
                                 0x34 (size before relaxing)
 *fill*         0x080088c5        0x3 
 .rodata.str1.4
                0x080088c8       0x30 ./system/src/stm32f1-stdperiph/stm32f10x_rcc.o
 .rodata.str1.4
                0x080088f8       0x31 ./system/src/stm32f1-stdperiph/stm32f10x_sdio.o
                                 0x34 (size before relaxing)
 *fill*         0x08008929        0x3 
 .rodata.str1.4
                0x0800892c       0x30 ./system/src/stm32f1-stdperiph/stm32f10x_spi.o
 .rodata.str1.4
                0x0800895c       0x30 ./system/src/stm32f1-stdperiph/stm32f10x_tim.o
 .rodata.str1.4
                0x0800898c      0x146 ./system/src/cortexm/exception_handlers.o
                                0x148 (size before relaxing)
 *fill*         0x08008ad2        0x2 
 .rodata.ASCII16x24_Table
                0x08008ad4     0x11d0 ./src/fonts.o
                0x08008ad4                ASCII16x24_Table
 .rodata.str1.4
                0x08009ca4       0xe3 ./src/main.o
                                 0xe8 (size before relaxing)
 *fill*         0x08009d87        0x1 
 .rodata.str1.4
                0x08009d88      0x2be ./src/menu.o
                                0x2c0 (size before relaxing)
 *fill*         0x0800a046        0x2 
 .rodata.str1.4
                0x0800a048        0x5 ./src/newlibStubs.o
                                  0x8 (size before relaxing)
 *fill*         0x0800a04d        0x3 
 .rodata.GPIO_PIN
                0x0800a050        0x8 ./src/stm3210e_eval.o
                0x0800a050                GPIO_PIN
 .rodata.str1.4
                0x0800a058       0x14 ./src/storage.o
                                 0x18 (size before relaxing)
 .rodata.str1.1
                0x0800a06c        0x2 c:/program files (x86)/gnu tools arm embedded/4.9 2015q1/bin/../lib/gcc/arm-none-eabi/4.9.3/../../../../arm-none-eabi/lib/armv7-m\libg_nano.a(lib_a-impure.o)
 *fill*         0x0800a06e        0x2 
 .rodata.__sf_fake_stdin
                0x0800a070       0x20 c:/program files (x86)/gnu tools arm embedded/4.9 2015q1/bin/../lib/gcc/arm-none-eabi/4.9.3/../../../../arm-none-eabi/lib/armv7-m\libg_nano.a(lib_a-findfp.o)
                0x0800a070                __sf_fake_stdin
 .rodata.__sf_fake_stdout
                0x0800a090       0x20 c:/program files (x86)/gnu tools arm embedded/4.9 2015q1/bin/../lib/gcc/arm-none-eabi/4.9.3/../../../../arm-none-eabi/lib/armv7-m\libg_nano.a(lib_a-findfp.o)
                0x0800a090                __sf_fake_stdout
 .rodata.__sf_fake_stderr
                0x0800a0b0       0x20 c:/program files (x86)/gnu tools arm embedded/4.9 2015q1/bin/../lib/gcc/arm-none-eabi/4.9.3/../../../../arm-none-eabi/lib/armv7-m\libg_nano.a(lib_a-findfp.o)
                0x0800a0b0                __sf_fake_stderr
 .rodata.str1.1
                0x0800a0d0       0x11 c:/program files (x86)/gnu tools arm embedded/4.9 2015q1/bin/../lib/gcc/arm-none-eabi/4.9.3/../../../../arm-none-eabi/lib/armv7-m\libg_nano.a(lib_a-nano-svfprintf.o)
 .rodata.str1.1
                0x0800a0e1       0x22 c:/program files (x86)/gnu tools arm embedded/4.9 2015q1/bin/../lib/gcc/arm-none-eabi/4.9.3/../../../../arm-none-eabi/lib/armv7-m\libg_nano.a(lib_a-nano-vfprintf_i.o)
 *(vtable)
 *(.eh_frame*)
 *fill*         0x0800a103        0x1 
 .eh_frame      0x0800a104       0x28 c:/program files (x86)/gnu tools arm embedded/4.9 2015q1/bin/../lib/gcc/arm-none-eabi/4.9.3/../../../../arm-none-eabi/lib/armv7-m\libg_nano.a(lib_a-strcmp.o)
 *(.glue_7)
 .glue_7        0x00000000        0x0 linker stubs
 *(.glue_7t)
 .glue_7t       0x00000000        0x0 linker stubs

.vfp11_veneer   0x0800a12c        0x0
 .vfp11_veneer  0x00000000        0x0 linker stubs

.v4_bx          0x0800a12c        0x0
 .v4_bx         0x00000000        0x0 linker stubs

.iplt           0x0800a12c        0x0
 .iplt          0x00000000        0x0 ./system/src/stm32f1-stdperiph/misc.o

.rel.dyn        0x0800a12c        0x0
 .rel.iplt      0x00000000        0x0 ./system/src/stm32f1-stdperiph/misc.o

.ARM.extab
 *(.ARM.extab* .gnu.linkonce.armextab.*)
                0x0800a12c                __exidx_start = .

.ARM.exidx
 *(.ARM.exidx* .gnu.linkonce.armexidx.*)
                0x0800a12c                __exidx_end = .
                0x0800a12c                . = ALIGN (0x4)
                0x0800a12c                _etext = .
                0x0800a12c                __etext = .
                0x0800a12c                _sidata = _etext

.data           0x20000000      0x88c load address 0x0800a12c
                0x20000000                . = ALIGN (0x4)
                0x20000000                _sdata = .
                0x20000000                __data_start__ = .
 *(.data_begin .data_begin.*)
 .data_begin    0x20000000        0x4 ./system/src/newlib/_startup.o
 *(.data .data.*)
 .data.argv.4062
                0x20000004        0x8 ./system/src/newlib/_syscalls.o
 .data.AHBPrescTable
                0x2000000c       0x10 ./system/src/cmsis/system_stm32f10x.o
                0x2000000c                AHBPrescTable
 .data.SystemCoreClock
                0x2000001c        0x4 ./system/src/cmsis/system_stm32f10x.o
                0x2000001c                SystemCoreClock
 .data.Font16x24
                0x20000020        0x8 ./src/fonts.o
                0x20000020                Font16x24
 .data.metaDataOffsetLoc
                0x20000028        0x2 ./src/main.o
                0x20000028                metaDataOffsetLoc
 .data.wavaddressOffset
                0x2000002a        0x2 ./src/main.o
                0x2000002a                wavaddressOffset
 .data.wavaddressOffsetLoc
                0x2000002c        0x2 ./src/main.o
                0x2000002c                wavaddressOffsetLoc
 .data.addressOffset
                0x2000002e        0x2 ./src/main.o
                0x2000002e                addressOffset
 .data.programState
                0x20000030        0x1 ./src/main.o
                0x20000030                programState
 *fill*         0x20000031        0x1 
 .data.wavframeNumber
                0x20000032        0x2 ./src/main.o
                0x20000032                wavframeNumber
 .data.wavmetaDataOffsetLoc
                0x20000034        0x2 ./src/main.o
                0x20000034                wavmetaDataOffsetLoc
 .data.addressOffsetLoc
                0x20000036        0x2 ./src/main.o
                0x20000036                addressOffsetLoc
 .data.frameNumber
                0x20000038        0x2 ./src/main.o
                0x20000038                frameNumber
 .data.TCS      0x2000003a        0x1 ./src/main.o
                0x2000003a                TCS
 *fill*         0x2000003b        0x1 
 .data.readingsMenu
                0x2000003c       0x94 ./src/menu.o
                0x2000003c                readingsMenu
 .data.sDecrease
                0x200000d0        0x2 ./src/menu.o
                0x200000d0                sDecrease
 *fill*         0x200000d2        0x2 
 .data.voltageMenu
                0x200000d4       0x94 ./src/menu.o
                0x200000d4                voltageMenu
 .data.topMenu  0x20000168       0x94 ./src/menu.o
                0x20000168                topMenu
 .data.lDecrease
                0x200001fc        0x2 ./src/menu.o
                0x200001fc                lDecrease
 *fill*         0x200001fe        0x2 
 .data.analogActionMenu
                0x20000200       0x94 ./src/menu.o
                0x20000200                analogActionMenu
 .data.PWMMenu  0x20000294       0x94 ./src/menu.o
                0x20000294                PWMMenu
 .data.highPinMenu
                0x20000328       0x94 ./src/menu.o
                0x20000328                highPinMenu
 .data.sIncrease
                0x200003bc        0x2 ./src/menu.o
                0x200003bc                sIncrease
 *fill*         0x200003be        0x2 
 .data.PWMSubMenu
                0x200003c0       0x94 ./src/menu.o
                0x200003c0                PWMSubMenu
 .data.pinRangeMenu
                0x20000454       0x94 ./src/menu.o
                0x20000454                pinRangeMenu
 .data.analogMenu
                0x200004e8       0x94 ./src/menu.o
                0x200004e8                analogMenu
 .data.lIncrease
                0x2000057c        0x2 ./src/menu.o
                0x2000057c                lIncrease
 .data.On       0x2000057e        0x1 ./src/menu.o
                0x2000057e                On
 *fill*         0x2000057f        0x1 
 .data.PWMActionMenu
                0x20000580       0x94 ./src/menu.o
                0x20000580                PWMActionMenu
 .data.analogPC0
                0x20000614        0x2 ./src/menu.o
                0x20000614                analogPC0
 .data.analogPC1
                0x20000616        0x2 ./src/menu.o
                0x20000616                analogPC1
 .data.actionName
                0x20000618       0x24 ./src/menu.o
                0x20000618                actionName
 .data.GPIOActionMenu
                0x2000063c       0x94 ./src/menu.o
                0x2000063c                GPIOActionMenu
 .data.lowPinMenu
                0x200006d0       0x94 ./src/menu.o
                0x200006d0                lowPinMenu
 .data.GPIOMenu
                0x20000764       0x94 ./src/menu.o
                0x20000764                GPIOMenu
 .data.soundBufferIndex
                0x200007f8        0x2 ./src/sound.o
                0x200007f8                soundBufferIndex
 .data.soundVolume
                0x200007fa        0x2 ./src/sound.o
                0x200007fa                soundVolume
 .data.GPIO_PORT
                0x200007fc       0x10 ./src/stm3210e_eval.o
                0x200007fc                GPIO_PORT
 .data.BackColor
                0x2000080c        0x2 ./src/stm3210e_eval_lcd.o
 .data.step     0x2000080e        0x2 ./src/stm32f10x_it.o
                0x2000080e                step
 .data.TimFactorPeak
                0x20000810        0x2 ./src/stm32f10x_it.o
                0x20000810                TimFactorPeak
 *fill*         0x20000812        0x2 
 .data.DMAComplete
                0x20000814        0x4 ./src/stm32f10x_it.o
                0x20000814                DMAComplete
 .data.TimFactor
                0x20000818        0x2 ./src/stm32f10x_it.o
                0x20000818                TimFactor
 .data.chargeHVal
                0x2000081a        0x2 ./src/voltageControl.o
                0x2000081a                chargeHVal
 .data.dischargeHVal
                0x2000081c        0x2 ./src/voltageControl.o
                0x2000081c                dischargeHVal
 .data.chargeLVal
                0x2000081e        0x2 ./src/voltageControl.o
                0x2000081e                chargeLVal
 .data.dischargeLVal
                0x20000820        0x2 ./src/voltageControl.o
                0x20000820                dischargeLVal
 *fill*         0x20000822        0x2 
 .data.impure_data
                0x20000824       0x60 c:/program files (x86)/gnu tools arm embedded/4.9 2015q1/bin/../lib/gcc/arm-none-eabi/4.9.3/../../../../arm-none-eabi/lib/armv7-m\libg_nano.a(lib_a-impure.o)
 .data._impure_ptr
                0x20000884        0x4 c:/program files (x86)/gnu tools arm embedded/4.9 2015q1/bin/../lib/gcc/arm-none-eabi/4.9.3/../../../../arm-none-eabi/lib/armv7-m\libg_nano.a(lib_a-impure.o)
                0x20000884                _impure_ptr
 *(.data_end .data_end.*)
 .data_end      0x20000888        0x4 ./system/src/newlib/_startup.o
                0x2000088c                . = ALIGN (0x4)
                0x2000088c                _edata = .
                0x2000088c                __data_end__ = .

.igot.plt       0x2000088c        0x0 load address 0x0800a9b8
 .igot.plt      0x00000000        0x0 ./system/src/stm32f1-stdperiph/misc.o

.bss            0x2000088c     0x63b8 load address 0x0800a9b8
                0x2000088c                . = ALIGN (0x4)
                0x2000088c                __bss_start__ = .
                0x2000088c                _sbss = .
 *(.bss_begin .bss_begin.*)
 .bss_begin     0x2000088c        0x4 ./system/src/newlib/_startup.o
 *(.bss .bss.*)
 .bss.current_heap_end.3856
                0x20000890        0x4 ./system/src/newlib/_sbrk.o
 .bss.name.4061
                0x20000894        0x4 ./system/src/newlib/_syscalls.o
 .bss.buf.4992  0x20000898       0x80 ./system/src/diag/Trace.o
 .bss.Channel4Pulse
                0x20000918        0x2 ./src/main.o
                0x20000918                Channel4Pulse
 .bss.Channel2Pulse
                0x2000091a        0x2 ./src/main.o
                0x2000091a                Channel2Pulse
 .bss.outputPeriods
                0x2000091c        0x2 ./src/main.o
                0x2000091c                outputPeriods
 *fill*         0x2000091e        0x2 
 .bss.TimingDelay
                0x20000920        0x4 ./src/main.o
                0x20000920                TimingDelay
 .bss.SDAddress
                0x20000924        0x4 ./src/main.o
                0x20000924                SDAddress
 .bss.Channel1Pulse
                0x20000928        0x2 ./src/main.o
                0x20000928                Channel1Pulse
 .bss.Status    0x2000092a        0x1 ./src/main.o
                0x2000092a                Status
 *fill*         0x2000092b        0x1 
 .bss.TimerPeriod
                0x2000092c        0x2 ./src/main.o
                0x2000092c                TimerPeriod
 .bss.tempNumberOfReads
                0x2000092e        0x2 ./src/main.o
                0x2000092e                tempNumberOfReads
 .bss.metaDataOffset
                0x20000930        0x2 ./src/main.o
                0x20000930                metaDataOffset
 .bss.Channel3Pulse
                0x20000932        0x2 ./src/main.o
                0x20000932                Channel3Pulse
 .bss.wavmetaDataOffset
                0x20000934        0x2 ./src/main.o
                0x20000934                wavmetaDataOffset
 *fill*         0x20000936        0x2 
 .bss.wavSDAddress
                0x20000938        0x4 ./src/main.o
                0x20000938                wavSDAddress
 .bss.Off       0x2000093c        0x1 ./src/menu.o
                0x2000093c                Off
 *fill*         0x2000093d        0x1 
 .bss.buttonPressLength
                0x2000093e        0x2 ./src/menu.o
                0x2000093e                buttonPressLength
 .bss.sliderValue
                0x20000940        0x2 ./src/menu.o
                0x20000940                sliderValue
 .bss.displayReadings
                0x20000942        0x1 ./src/menu.o
                0x20000942                displayReadings
 .bss.menuOpen  0x20000943        0x1 ./src/menu.o
                0x20000943                menuOpen
 .bss.selection.6497
                0x20000944        0x2 ./src/menu.o
 .bss.zero      0x20000946        0x1 ./src/menu.o
                0x20000946                zero
 .bss.soundBufferUpdate
                0x20000947        0x1 ./src/sound.o
                0x20000947                soundBufferUpdate
 .bss.TextColor
                0x20000948        0x2 ./src/stm3210e_eval_lcd.o
 *fill*         0x2000094a        0x2 
 .bss.LCD_Currentfonts
                0x2000094c        0x4 ./src/stm3210e_eval_lcd.o
 .bss.TransferError
                0x20000950        0x1 ./src/stm32_eval_sdio_sd.o
                0x20000950                TransferError
 *fill*         0x20000951        0x3 
 .bss.CSD_Tab   0x20000954       0x10 ./src/stm32_eval_sdio_sd.o
 .bss.CardType  0x20000964        0x4 ./src/stm32_eval_sdio_sd.o
 .bss.CID_Tab   0x20000968       0x10 ./src/stm32_eval_sdio_sd.o
 .bss.RCA       0x20000978        0x4 ./src/stm32_eval_sdio_sd.o
 .bss.TransferEnd
                0x2000097c        0x4 ./src/stm32_eval_sdio_sd.o
                0x2000097c                TransferEnd
 .bss.StopCondition
                0x20000980        0x4 ./src/stm32_eval_sdio_sd.o
                0x20000980                StopCondition
 .bss.largeTransfer
                0x20000984        0x1 ./src/stm32f10x_it.o
                0x20000984                largeTransfer
 .bss.SDIOEnd   0x20000985        0x1 ./src/stm32f10x_it.o
                0x20000985                SDIOEnd
 .bss.outputVoltage
                0x20000986        0x2 ./src/stm32f10x_it.o
                0x20000986                outputVoltage
 .bss.outputChannel
                0x20000988        0x2 ./src/stm32f10x_it.o
                0x20000988                outputChannel
 .bss.capture   0x2000098a        0x2 ./src/stm32f10x_it.o
                0x2000098a                capture
 .bss.transferCount
                0x2000098c        0x1 ./src/stm32f10x_it.o
                0x2000098c                transferCount
 .bss.tempVStatus
                0x2000098d        0x1 ./src/stm32f10x_it.o
                0x2000098d                tempVStatus
 .bss.outputValue
                0x2000098e        0x2 ./src/stm32f10x_it.o
                0x2000098e                outputValue
 .bss.periodMultiplier
                0x20000990        0x2 ./src/stm32f10x_it.o
                0x20000990                periodMultiplier
 .bss.Status2   0x20000992        0x1 ./src/storage.o
                0x20000992                Status2
 *fill*         0x20000993        0x1 
 .bss.__malloc_sbrk_start
                0x20000994        0x4 c:/program files (x86)/gnu tools arm embedded/4.9 2015q1/bin/../lib/gcc/arm-none-eabi/4.9.3/../../../../arm-none-eabi/lib/armv7-m\libg_nano.a(lib_a-nano-mallocr.o)
                0x20000994                __malloc_sbrk_start
 .bss.__malloc_free_list
                0x20000998        0x4 c:/program files (x86)/gnu tools arm embedded/4.9 2015q1/bin/../lib/gcc/arm-none-eabi/4.9.3/../../../../arm-none-eabi/lib/armv7-m\libg_nano.a(lib_a-nano-mallocr.o)
                0x20000998                __malloc_free_list
 *(COMMON)
 COMMON         0x2000099c        0x4 ./system/src/newlib/_syscalls.o
                0x2000099c                errno
 COMMON         0x200009a0     0x288c ./src/main.o
                0x200009a0                ADCConvertedValuePC2
                0x200009a4                TIM_TimeBaseStructure
                0x200009ae                ADCConvertedValue
                0x200009b0                boostPeriod
                0x200009b2                _it0
                0x200009b4                Y
                0x200009b8                ADC_InitStructure
                0x200009cc                DAC_InitStructure
                0x200009dc                boostOn
                0x200009e0                TIM_OCInitStructure
                0x200009f0                displayBuffer
                0x200031f0                ADCConvertedValuePC1
                0x200031f4                EXTI_InitStructure
                0x200031fc                DMA_InitStructure
                0x20003228                thisState
                0x20003229                _it1
                0x2000322a                X
 COMMON         0x2000322c      0x6fe ./src/menu.o
                0x2000322c                chargeLMenu
                0x200032c0                localInt
                0x200032c4                controlMenu
                0x20003358                periodMenu
                0x200033ec                dischargeHMenu
                0x20003480                analog2ActionMenu
                0x20003514                dutyMenu
                0x200035a8                optionSelected
                0x200035ac                vDropMenu
                0x20003640                globalXPos
                0x20003644                chargeHMenu
                0x200036d8                currentMenu
                0x2000376c                analog1ActionMenu
                0x20003800                dischargeLMenu
                0x20003894                boostMenu
                0x20003928                globalYPos
 *fill*         0x2000392a        0x2 
 COMMON         0x2000392c     0x3000 ./src/sound.o
                0x2000392c                soundBuffer
 COMMON         0x2000692c        0x2 ./src/stm3210e_eval.o
                0x2000692c                numberOfCycles
 *fill*         0x2000692e        0x2 
 COMMON         0x20006930        0xa ./src/stm3210e_eval_lcd.o
                0x20006930                LCDSizeX
                0x20006934                LCD_IDP
                0x20006938                LCDSizeY
 *fill*         0x2000693a        0x2 
 COMMON         0x2000693c       0x94 ./src/stm32_eval_sdio_sd.o
                0x2000693c                SDIO_CmdInitStructure
                0x20006950                SDCardInfo
                0x200069a0                SDIO_InitStructure
                0x200069b8                SDIO_DataInitStructure
 COMMON         0x200069d0      0x270 ./src/storage.o
                0x200069d0                vi
                0x20006a04                SD_csd
                0x20006a30                di
                0x20006a40                sector
 *(.bss_end .bss_end.*)
 .bss_end       0x20006c40        0x4 ./system/src/newlib/_startup.o
                0x20006c44                . = ALIGN (0x4)
                0x20006c44                __bss_end__ = .
                0x20006c44                _ebss = .

.noinit         0x20006c44        0x0
                0x20006c44                . = ALIGN (0x4)
                0x20006c44                _noinit = .
 *(.noinit .noinit.*)
                0x20006c44                . = ALIGN (0x4)
                0x20006c44                _end_noinit = .
                0x20006c44                PROVIDE (end, _end_noinit)
                0x20006c44                PROVIDE (_end, _end_noinit)
                0x20006c44                PROVIDE (__end, _end_noinit)
                0x20006c44                PROVIDE (__end__, _end_noinit)

._check_stack   0x20006c44      0x100 load address 0x08010d70
                0x20006c44                . = ALIGN (0x4)
                0x20006d44                . = (. + _Minimum_Stack_Size)
 *fill*         0x20006c44      0x100 
                0x20006d44                . = ALIGN (0x4)

.bss_CCMRAM
 *(.bss.CCMRAM .bss.CCMRAM.*)

.b1text
 *(.b1text)
 *(.b1rodata)
 *(.b1rodata.*)

.eb0text
 *(.eb0text)
 *(.eb0rodata)
 *(.eb0rodata.*)

.eb1text
 *(.eb1text)
 *(.eb1rodata)
 *(.eb1rodata.*)

.eb2text
 *(.eb2text)
 *(.eb2rodata)
 *(.eb2rodata.*)

.eb3text
 *(.eb3text)
 *(.eb3rodata)
 *(.eb3rodata.*)

.stab
 *(.stab)

.stabstr
 *(.stabstr)

.stab.excl
 *(.stab.excl)

.stab.exclstr
 *(.stab.exclstr)

.stab.index
 *(.stab.index)

.stab.indexstr
 *(.stab.indexstr)

.comment        0x00000000       0x70
 *(.comment)
 .comment       0x00000000       0x70 ./system/src/stm32f1-stdperiph/misc.o
                                 0x71 (size before relaxing)
 .comment       0x00000000       0x71 ./system/src/stm32f1-stdperiph/stm32f10x_adc.o
 .comment       0x00000000       0x71 ./system/src/stm32f1-stdperiph/stm32f10x_dac.o
 .comment       0x00000000       0x71 ./system/src/stm32f1-stdperiph/stm32f10x_dma.o
 .comment       0x00000000       0x71 ./system/src/stm32f1-stdperiph/stm32f10x_exti.o
 .comment       0x00000000       0x71 ./system/src/stm32f1-stdperiph/stm32f10x_flash.o
 .comment       0x00000000       0x71 ./system/src/stm32f1-stdperiph/stm32f10x_fsmc.o
 .comment       0x00000000       0x71 ./system/src/stm32f1-stdperiph/stm32f10x_gpio.o
 .comment       0x00000000       0x71 ./system/src/stm32f1-stdperiph/stm32f10x_rcc.o
 .comment       0x00000000       0x71 ./system/src/stm32f1-stdperiph/stm32f10x_sdio.o
 .comment       0x00000000       0x71 ./system/src/stm32f1-stdperiph/stm32f10x_spi.o
 .comment       0x00000000       0x71 ./system/src/stm32f1-stdperiph/stm32f10x_tim.o
 .comment       0x00000000       0x71 ./system/src/newlib/_sbrk.o
 .comment       0x00000000       0x71 ./system/src/newlib/_startup.o
 .comment       0x00000000       0x71 ./system/src/newlib/_syscalls.o
 .comment       0x00000000       0x71 ./system/src/diag/Trace.o
 .comment       0x00000000       0x71 ./system/src/diag/trace_impl.o
 .comment       0x00000000       0x71 ./system/src/cortexm/_initialize_hardware.o
 .comment       0x00000000       0x71 ./system/src/cortexm/exception_handlers.o
 .comment       0x00000000       0x71 ./system/src/cmsis/system_stm32f10x.o
 .comment       0x00000000       0x71 ./system/src/cmsis/vectors_stm32f10x.o
 .comment       0x00000000       0x71 ./src/SPI_Flash.o
 .comment       0x00000000       0x71 ./src/dosfs.o
 .comment       0x00000000       0x71 ./src/fonts.o
 .comment       0x00000000       0x71 ./src/main.o
 .comment       0x00000000       0x71 ./src/menu.o
 .comment       0x00000000       0x71 ./src/myMaths.o
 .comment       0x00000000       0x71 ./src/newlibStubs.o
 .comment       0x00000000       0x71 ./src/sound.o
 .comment       0x00000000       0x71 ./src/stm3210e_eval.o
 .comment       0x00000000       0x71 ./src/stm3210e_eval_lcd.o
 .comment       0x00000000       0x71 ./src/stm32_eval_sdio_sd.o
 .comment       0x00000000       0x71 ./src/stm32f10x_it.o
 .comment       0x00000000       0x71 ./src/storage.o
 .comment       0x00000000       0x71 ./src/voltageControl.o

.ARM.attributes
                0x00000000       0x31
 .ARM.attributes
                0x00000000       0x33 ./system/src/stm32f1-stdperiph/misc.o
 .ARM.attributes
                0x00000033       0x33 ./system/src/stm32f1-stdperiph/stm32f10x_adc.o
 .ARM.attributes
                0x00000066       0x33 ./system/src/stm32f1-stdperiph/stm32f10x_dac.o
 .ARM.attributes
                0x00000099       0x33 ./system/src/stm32f1-stdperiph/stm32f10x_dma.o
 .ARM.attributes
                0x000000cc       0x33 ./system/src/stm32f1-stdperiph/stm32f10x_exti.o
 .ARM.attributes
                0x000000ff       0x33 ./system/src/stm32f1-stdperiph/stm32f10x_flash.o
 .ARM.attributes
                0x00000132       0x33 ./system/src/stm32f1-stdperiph/stm32f10x_fsmc.o
 .ARM.attributes
                0x00000165       0x33 ./system/src/stm32f1-stdperiph/stm32f10x_gpio.o
 .ARM.attributes
                0x00000198       0x33 ./system/src/stm32f1-stdperiph/stm32f10x_rcc.o
 .ARM.attributes
                0x000001cb       0x33 ./system/src/stm32f1-stdperiph/stm32f10x_sdio.o
 .ARM.attributes
                0x000001fe       0x33 ./system/src/stm32f1-stdperiph/stm32f10x_spi.o
 .ARM.attributes
                0x00000231       0x33 ./system/src/stm32f1-stdperiph/stm32f10x_tim.o
 .ARM.attributes
                0x00000264       0x33 ./system/src/newlib/_sbrk.o
 .ARM.attributes
                0x00000297       0x33 ./system/src/newlib/_startup.o
 .ARM.attributes
                0x000002ca       0x33 ./system/src/newlib/_syscalls.o
 .ARM.attributes
                0x000002fd       0x33 ./system/src/diag/Trace.o
 .ARM.attributes
                0x00000330       0x33 ./system/src/diag/trace_impl.o
 .ARM.attributes
                0x00000363       0x33 ./system/src/cortexm/_initialize_hardware.o
 .ARM.attributes
                0x00000396       0x33 ./system/src/cortexm/exception_handlers.o
 .ARM.attributes
                0x000003c9       0x33 ./system/src/cmsis/system_stm32f10x.o
 .ARM.attributes
                0x000003fc       0x33 ./system/src/cmsis/vectors_stm32f10x.o
 .ARM.attributes
                0x0000042f       0x33 ./src/SPI_Flash.o
 .ARM.attributes
                0x00000462       0x33 ./src/dosfs.o
 .ARM.attributes
                0x00000495       0x33 ./src/fonts.o
 .ARM.attributes
                0x000004c8       0x33 ./src/main.o
 .ARM.attributes
                0x000004fb       0x33 ./src/menu.o
 .ARM.attributes
                0x0000052e       0x33 ./src/myMaths.o
 .ARM.attributes
                0x00000561       0x33 ./src/newlibStubs.o
 .ARM.attributes
                0x00000594       0x33 ./src/sound.o
 .ARM.attributes
                0x000005c7       0x33 ./src/stm3210e_eval.o
 .ARM.attributes
                0x000005fa       0x33 ./src/stm3210e_eval_lcd.o
 .ARM.attributes
                0x0000062d       0x33 ./src/stm32_eval_sdio_sd.o
 .ARM.attributes
                0x00000660       0x33 ./src/stm32f10x_it.o
 .ARM.attributes
                0x00000693       0x33 ./src/storage.o
 .ARM.attributes
                0x000006c6       0x33 ./src/voltageControl.o
 .ARM.attributes
                0x000006f9       0x2d c:/program files (x86)/gnu tools arm embedded/4.9 2015q1/bin/../lib/gcc/arm-none-eabi/4.9.3/../../../../arm-none-eabi/lib/armv7-m\libg_nano.a(lib_a-errno.o)
 .ARM.attributes
                0x00000726       0x2d c:/program files (x86)/gnu tools arm embedded/4.9 2015q1/bin/../lib/gcc/arm-none-eabi/4.9.3/../../../../arm-none-eabi/lib/armv7-m\libg_nano.a(lib_a-impure.o)
 .ARM.attributes
                0x00000753       0x2d c:/program files (x86)/gnu tools arm embedded/4.9 2015q1/bin/../lib/gcc/arm-none-eabi/4.9.3/../../../../arm-none-eabi/lib/armv7-m\libg_nano.a(lib_a-ldiv.o)
 .ARM.attributes
                0x00000780       0x2d c:/program files (x86)/gnu tools arm embedded/4.9 2015q1/bin/../lib/gcc/arm-none-eabi/4.9.3/../../../../arm-none-eabi/lib/armv7-m\libg_nano.a(lib_a-memcmp.o)
 .ARM.attributes
                0x000007ad       0x2d c:/program files (x86)/gnu tools arm embedded/4.9 2015q1/bin/../lib/gcc/arm-none-eabi/4.9.3/../../../../arm-none-eabi/lib/armv7-m\libg_nano.a(lib_a-memcpy.o)
 .ARM.attributes
                0x000007da       0x2d c:/program files (x86)/gnu tools arm embedded/4.9 2015q1/bin/../lib/gcc/arm-none-eabi/4.9.3/../../../../arm-none-eabi/lib/armv7-m\libg_nano.a(lib_a-memset.o)
 .ARM.attributes
                0x00000807       0x2d c:/program files (x86)/gnu tools arm embedded/4.9 2015q1/bin/../lib/gcc/arm-none-eabi/4.9.3/../../../../arm-none-eabi/lib/armv7-m\libg_nano.a(lib_a-sprintf.o)
 .ARM.attributes
                0x00000834       0x1b c:/program files (x86)/gnu tools arm embedded/4.9 2015q1/bin/../lib/gcc/arm-none-eabi/4.9.3/../../../../arm-none-eabi/lib/armv7-m\libg_nano.a(lib_a-strcmp.o)
 .ARM.attributes
                0x0000084f       0x2d c:/program files (x86)/gnu tools arm embedded/4.9 2015q1/bin/../lib/gcc/arm-none-eabi/4.9.3/../../../../arm-none-eabi/lib/armv7-m\libg_nano.a(lib_a-strcpy.o)
 .ARM.attributes
                0x0000087c       0x2d c:/program files (x86)/gnu tools arm embedded/4.9 2015q1/bin/../lib/gcc/arm-none-eabi/4.9.3/../../../../arm-none-eabi/lib/armv7-m\libg_nano.a(lib_a-strlen.o)
 .ARM.attributes
                0x000008a9       0x2d c:/program files (x86)/gnu tools arm embedded/4.9 2015q1/bin/../lib/gcc/arm-none-eabi/4.9.3/../../../../arm-none-eabi/lib/armv7-m\libg_nano.a(lib_a-strncpy.o)
 .ARM.attributes
                0x000008d6       0x2d c:/program files (x86)/gnu tools arm embedded/4.9 2015q1/bin/../lib/gcc/arm-none-eabi/4.9.3/../../../../arm-none-eabi/lib/armv7-m\libg_nano.a(lib_a-vsnprintf.o)
 .ARM.attributes
                0x00000903       0x2d c:/program files (x86)/gnu tools arm embedded/4.9 2015q1/bin/../lib/gcc/arm-none-eabi/4.9.3/../../../../arm-none-eabi/lib/armv7-m\libg_nano.a(lib_a-findfp.o)
 .ARM.attributes
                0x00000930       0x2d c:/program files (x86)/gnu tools arm embedded/4.9 2015q1/bin/../lib/gcc/arm-none-eabi/4.9.3/../../../../arm-none-eabi/lib/armv7-m\libg_nano.a(lib_a-nano-mallocr.o)
 .ARM.attributes
                0x0000095d       0x2d c:/program files (x86)/gnu tools arm embedded/4.9 2015q1/bin/../lib/gcc/arm-none-eabi/4.9.3/../../../../arm-none-eabi/lib/armv7-m\libg_nano.a(lib_a-nano-svfprintf.o)
 .ARM.attributes
                0x0000098a       0x2d c:/program files (x86)/gnu tools arm embedded/4.9 2015q1/bin/../lib/gcc/arm-none-eabi/4.9.3/../../../../arm-none-eabi/lib/armv7-m\libg_nano.a(lib_a-nano-vfprintf_i.o)
 .ARM.attributes
                0x000009b7       0x2d c:/program files (x86)/gnu tools arm embedded/4.9 2015q1/bin/../lib/gcc/arm-none-eabi/4.9.3/../../../../arm-none-eabi/lib/armv7-m\libg_nano.a(lib_a-sbrkr.o)
 .ARM.attributes
                0x000009e4       0x2d c:/program files (x86)/gnu tools arm embedded/4.9 2015q1/bin/../lib/gcc/arm-none-eabi/4.9.3/../../../../arm-none-eabi/lib/armv7-m\libg_nano.a(lib_a-memchr.o)
 .ARM.attributes
                0x00000a11       0x2d c:/program files (x86)/gnu tools arm embedded/4.9 2015q1/bin/../lib/gcc/arm-none-eabi/4.9.3/../../../../arm-none-eabi/lib/armv7-m\libg_nano.a(lib_a-memmove.o)
 .ARM.attributes
                0x00000a3e       0x2d c:/program files (x86)/gnu tools arm embedded/4.9 2015q1/bin/../lib/gcc/arm-none-eabi/4.9.3/../../../../arm-none-eabi/lib/armv7-m\libg_nano.a(lib_a-nano-freer.o)
 .ARM.attributes
                0x00000a6b       0x2d c:/program files (x86)/gnu tools arm embedded/4.9 2015q1/bin/../lib/gcc/arm-none-eabi/4.9.3/../../../../arm-none-eabi/lib/armv7-m\libg_nano.a(lib_a-nano-reallocr.o)
 .ARM.attributes
                0x00000a98       0x2d c:/program files (x86)/gnu tools arm embedded/4.9 2015q1/bin/../lib/gcc/arm-none-eabi/4.9.3/../../../../arm-none-eabi/lib/armv7-m\libg_nano.a(lib_a-nano-msizer.o)

.debug
 *(.debug)

.line
 *(.line)

.debug_srcinfo
 *(.debug_srcinfo)

.debug_sfnames
 *(.debug_sfnames)

.debug_aranges  0x00000000     0x1580
 *(.debug_aranges)
 .debug_aranges
                0x00000000       0x40 ./system/src/stm32f1-stdperiph/misc.o
 .debug_aranges
                0x00000040      0x138 ./system/src/stm32f1-stdperiph/stm32f10x_adc.o
 .debug_aranges
                0x00000178       0x78 ./system/src/stm32f1-stdperiph/stm32f10x_dac.o
 .debug_aranges
                0x000001f0       0x70 ./system/src/stm32f1-stdperiph/stm32f10x_dma.o
 .debug_aranges
                0x00000260       0x58 ./system/src/stm32f1-stdperiph/stm32f10x_exti.o
 .debug_aranges
                0x000002b8       0xf8 ./system/src/stm32f1-stdperiph/stm32f10x_flash.o
 .debug_aranges
                0x000003b0       0xb0 ./system/src/stm32f1-stdperiph/stm32f10x_fsmc.o
 .debug_aranges
                0x00000460       0xa8 ./system/src/stm32f1-stdperiph/stm32f10x_gpio.o
 .debug_aranges
                0x00000508      0x118 ./system/src/stm32f1-stdperiph/stm32f10x_rcc.o
 .debug_aranges
                0x00000620      0x108 ./system/src/stm32f1-stdperiph/stm32f10x_sdio.o
 .debug_aranges
                0x00000728       0xd0 ./system/src/stm32f1-stdperiph/stm32f10x_spi.o
 .debug_aranges
                0x000007f8      0x2f0 ./system/src/stm32f1-stdperiph/stm32f10x_tim.o
 .debug_aranges
                0x00000ae8       0x20 ./system/src/newlib/_sbrk.o
 .debug_aranges
                0x00000b08       0x40 ./system/src/newlib/_startup.o
 .debug_aranges
                0x00000b48       0x30 ./system/src/newlib/_syscalls.o
 .debug_aranges
                0x00000b78       0x38 ./system/src/diag/Trace.o
 .debug_aranges
                0x00000bb0       0x30 ./system/src/diag/trace_impl.o
 .debug_aranges
                0x00000be0       0x28 ./system/src/cortexm/_initialize_hardware.o
 .debug_aranges
                0x00000c08       0x90 ./system/src/cortexm/exception_handlers.o
 .debug_aranges
                0x00000c98       0x38 ./system/src/cmsis/system_stm32f10x.o
 .debug_aranges
                0x00000cd0       0x20 ./system/src/cmsis/vectors_stm32f10x.o
 .debug_aranges
                0x00000cf0       0x68 ./src/SPI_Flash.o
 .debug_aranges
                0x00000d58       0x88 ./src/dosfs.o
 .debug_aranges
                0x00000de0       0x18 ./src/fonts.o
 .debug_aranges
                0x00000df8      0x128 ./src/main.o
 .debug_aranges
                0x00000f20       0xb8 ./src/menu.o
 .debug_aranges
                0x00000fd8       0x20 ./src/myMaths.o
 .debug_aranges
                0x00000ff8       0x98 ./src/newlibStubs.o
 .debug_aranges
                0x00001090       0x20 ./src/sound.o
 .debug_aranges
                0x000010b0       0xa8 ./src/stm3210e_eval.o
 .debug_aranges
                0x00001158      0x1a0 ./src/stm3210e_eval_lcd.o
 .debug_aranges
                0x000012f8      0x138 ./src/stm32_eval_sdio_sd.o
 .debug_aranges
                0x00001430       0xa0 ./src/stm32f10x_it.o
 .debug_aranges
                0x000014d0       0x68 ./src/storage.o
 .debug_aranges
                0x00001538       0x48 ./src/voltageControl.o

.debug_pubnames
 *(.debug_pubnames)

.debug_info     0x00000000    0x1f579
 *(.debug_info .gnu.linkonce.wi.*)
 .debug_info    0x00000000      0x63b ./system/src/stm32f1-stdperiph/misc.o
 .debug_info    0x0000063b     0x1436 ./system/src/stm32f1-stdperiph/stm32f10x_adc.o
 .debug_info    0x00001a71      0x76f ./system/src/stm32f1-stdperiph/stm32f10x_dac.o
 .debug_info    0x000021e0      0x6f5 ./system/src/stm32f1-stdperiph/stm32f10x_dma.o
 .debug_info    0x000028d5      0x45b ./system/src/stm32f1-stdperiph/stm32f10x_exti.o
 .debug_info    0x00002d30      0xbc4 ./system/src/stm32f1-stdperiph/stm32f10x_flash.o
 .debug_info    0x000038f4     0x11b5 ./system/src/stm32f1-stdperiph/stm32f10x_fsmc.o
 .debug_info    0x00004aa9      0xbd4 ./system/src/stm32f1-stdperiph/stm32f10x_gpio.o
 .debug_info    0x0000567d      0xc6b ./system/src/stm32f1-stdperiph/stm32f10x_rcc.o
 .debug_info    0x000062e8      0xb6d ./system/src/stm32f1-stdperiph/stm32f10x_sdio.o
 .debug_info    0x00006e55      0xfc9 ./system/src/stm32f1-stdperiph/stm32f10x_spi.o
 .debug_info    0x00007e1e     0x3925 ./system/src/stm32f1-stdperiph/stm32f10x_tim.o
 .debug_info    0x0000b743      0x125 ./system/src/newlib/_sbrk.o
 .debug_info    0x0000b868      0x474 ./system/src/newlib/_startup.o
 .debug_info    0x0000bcdc      0x1a9 ./system/src/newlib/_syscalls.o
 .debug_info    0x0000be85      0x32b ./system/src/diag/Trace.o
 .debug_info    0x0000c1b0      0x304 ./system/src/diag/trace_impl.o
 .debug_info    0x0000c4b4       0xdf ./system/src/cortexm/_initialize_hardware.o
 .debug_info    0x0000c593      0x8cd ./system/src/cortexm/exception_handlers.o
 .debug_info    0x0000ce60      0x474 ./system/src/cmsis/system_stm32f10x.o
 .debug_info    0x0000d2d4       0xd1 ./system/src/cmsis/vectors_stm32f10x.o
 .debug_info    0x0000d3a5      0xa1b ./src/SPI_Flash.o
 .debug_info    0x0000ddc0     0x1eba ./src/dosfs.o
 .debug_info    0x0000fc7a      0x197 ./src/fonts.o
 .debug_info    0x0000fe11     0x3981 ./src/main.o
 .debug_info    0x00013792     0x17bb ./src/menu.o
 .debug_info    0x00014f4d       0xe5 ./src/myMaths.o
 .debug_info    0x00015032      0x718 ./src/newlibStubs.o
 .debug_info    0x0001574a      0x34d ./src/sound.o
 .debug_info    0x00015a97     0x17e5 ./src/stm3210e_eval.o
 .debug_info    0x0001727c     0x3936 ./src/stm3210e_eval_lcd.o
 .debug_info    0x0001abb2     0x2259 ./src/stm32_eval_sdio_sd.o
 .debug_info    0x0001ce0b      0xc42 ./src/stm32f10x_it.o
 .debug_info    0x0001da4d     0x1461 ./src/storage.o
 .debug_info    0x0001eeae      0x6cb ./src/voltageControl.o

.debug_abbrev   0x00000000     0x4089
 *(.debug_abbrev)
 .debug_abbrev  0x00000000      0x188 ./system/src/stm32f1-stdperiph/misc.o
 .debug_abbrev  0x00000188      0x1e1 ./system/src/stm32f1-stdperiph/stm32f10x_adc.o
 .debug_abbrev  0x00000369      0x1cf ./system/src/stm32f1-stdperiph/stm32f10x_dac.o
 .debug_abbrev  0x00000538      0x1a7 ./system/src/stm32f1-stdperiph/stm32f10x_dma.o
 .debug_abbrev  0x000006df      0x1a3 ./system/src/stm32f1-stdperiph/stm32f10x_exti.o
 .debug_abbrev  0x00000882      0x1c6 ./system/src/stm32f1-stdperiph/stm32f10x_flash.o
 .debug_abbrev  0x00000a48      0x1c2 ./system/src/stm32f1-stdperiph/stm32f10x_fsmc.o
 .debug_abbrev  0x00000c0a      0x1f9 ./system/src/stm32f1-stdperiph/stm32f10x_gpio.o
 .debug_abbrev  0x00000e03      0x1ff ./system/src/stm32f1-stdperiph/stm32f10x_rcc.o
 .debug_abbrev  0x00001002      0x210 ./system/src/stm32f1-stdperiph/stm32f10x_sdio.o
 .debug_abbrev  0x00001212      0x1d8 ./system/src/stm32f1-stdperiph/stm32f10x_spi.o
 .debug_abbrev  0x000013ea      0x1f2 ./system/src/stm32f1-stdperiph/stm32f10x_tim.o
 .debug_abbrev  0x000015dc       0xbb ./system/src/newlib/_sbrk.o
 .debug_abbrev  0x00001697      0x1e9 ./system/src/newlib/_startup.o
 .debug_abbrev  0x00001880       0xe7 ./system/src/newlib/_syscalls.o
 .debug_abbrev  0x00001967      0x178 ./system/src/diag/Trace.o
 .debug_abbrev  0x00001adf      0x1bd ./system/src/diag/trace_impl.o
 .debug_abbrev  0x00001c9c       0x88 ./system/src/cortexm/_initialize_hardware.o
 .debug_abbrev  0x00001d24      0x23e ./system/src/cortexm/exception_handlers.o
 .debug_abbrev  0x00001f62      0x157 ./system/src/cmsis/system_stm32f10x.o
 .debug_abbrev  0x000020b9       0x9d ./system/src/cmsis/vectors_stm32f10x.o
 .debug_abbrev  0x00002156      0x1ee ./src/SPI_Flash.o
 .debug_abbrev  0x00002344      0x29e ./src/dosfs.o
 .debug_abbrev  0x000025e2       0x98 ./src/fonts.o
 .debug_abbrev  0x0000267a      0x4b6 ./src/main.o
 .debug_abbrev  0x00002b30      0x33e ./src/menu.o
 .debug_abbrev  0x00002e6e       0x8c ./src/myMaths.o
 .debug_abbrev  0x00002efa      0x1d1 ./src/newlibStubs.o
 .debug_abbrev  0x000030cb       0xc3 ./src/sound.o
 .debug_abbrev  0x0000318e      0x26f ./src/stm3210e_eval.o
 .debug_abbrev  0x000033fd      0x32c ./src/stm3210e_eval_lcd.o
 .debug_abbrev  0x00003729      0x29f ./src/stm32_eval_sdio_sd.o
 .debug_abbrev  0x000039c8      0x23a ./src/stm32f10x_it.o
 .debug_abbrev  0x00003c02      0x2c5 ./src/storage.o
 .debug_abbrev  0x00003ec7      0x1c2 ./src/voltageControl.o

.debug_line     0x00000000     0xefa7
 *(.debug_line)
 .debug_line    0x00000000      0x400 ./system/src/stm32f1-stdperiph/misc.o
 .debug_line    0x00000400      0xac4 ./system/src/stm32f1-stdperiph/stm32f10x_adc.o
 .debug_line    0x00000ec4      0x5bb ./system/src/stm32f1-stdperiph/stm32f10x_dac.o
 .debug_line    0x0000147f      0x856 ./system/src/stm32f1-stdperiph/stm32f10x_dma.o
 .debug_line    0x00001cd5      0x4fd ./system/src/stm32f1-stdperiph/stm32f10x_exti.o